47 anchors, 218 rect fixtures + 180 poly fixtures, 2786 wall segments, boundary 13 vertices -> data/28/geometry.json
overlay -> data/28/extract_overlay.png
service pockets culled: 18 (largest 2821 cells)
48 anchors, grid 633x417, m/cell=0.205 -> data/28/profile.npz
walkable: 27.7% of page (27.7% entrance-reachable)
components: 1  sizes: [73054]
anchors: 48  |  exclusions: 0
service pockets sealed (service + dead crevices): 18
   2821 cells at (1044,312) near SEAFOOD
   1055 cells at (275,623) near PHARMACY
    886 cells at (760,634) near CHECKSTANDS
    809 cells at (544,408) near DELI
    612 cells at (846,621) near PRODUCE
    539 cells at (591,633) near CHECKSTANDS
    350 cells at (968,425) near MEAT SIMPLE
    275 cells at (535,474) near FLORAL
    247 cells at (338,537) near AISLE 28
    227 cells at (855,671) near PRODUCE
VERIFY: DELI area still 85% walkable at (526,376) — staff area? add an exclusion rect if so
VERIFY: KITCHEN area still 62% walkable at (596,323) — staff area? add an exclusion rect if so
VERIFY: SEAFOOD area still 77% walkable at (1000,403) — staff area? add an exclusion rect if so
snaps moved >12 cells (check reachable.png):
  PHARMACY: 12 cells (~2.5 m)
tightest corridors at anchors (half-width capacity):
  ENTRANCE: 0.82 m
  KITCHEN: 0.82 m
  MEAT: 0.82 m
  MEAT SIMPLE: 1.03 m
  PHARMACY: 1.03 m
  RESTROOMS: 1.03 m
  PRODUCE: 1.05 m
  AISLE 28: 1.16 m
........................................................................ [ 12%]
........................................................................ [ 24%]
........................................................................ [ 36%]
........................................................................ [ 48%]
........................................................................ [ 60%]
........................................................................ [ 72%]
........................................................................ [ 84%]
........................................................................ [ 96%]
......................                                                   [100%]
=============================== warnings summary ===============================
../../../../../../opt/anaconda3/lib/python3.12/site-packages/fastapi/testclient.py:1
  /opt/anaconda3/lib/python3.12/site-packages/fastapi/testclient.py:1: StarletteDeprecationWarning: Using `httpx` with `starlette.testclient` is deprecated; install `httpx2` instead.
    from starlette.testclient import TestClient as TestClient  # noqa

<frozen importlib._bootstrap>:488
<frozen importlib._bootstrap>:488
  <frozen importlib._bootstrap>:488: DeprecationWarning: builtin type SwigPyPacked has no __module__ attribute

<frozen importlib._bootstrap>:488
<frozen importlib._bootstrap>:488
  <frozen importlib._bootstrap>:488: DeprecationWarning: builtin type SwigPyObject has no __module__ attribute

<frozen importlib._bootstrap>:488
  <frozen importlib._bootstrap>:488: DeprecationWarning: builtin type swigvarlink has no __module__ attribute

-- Docs: https://docs.pytest.org/en/stable/how-to/capture-warnings.html
598 passed, 6 warnings in 45.37s
sys:1: DeprecationWarning: builtin type swigvarlink has no __module__ attribute
