68 anchors, 261 rect fixtures + 146 poly fixtures, 2141 wall segments, boundary 67 vertices -> data/382/geometry.json
overlay -> data/382/extract_overlay.png
service pockets culled: 6 (largest 2230 cells)
69 anchors, grid 612x396, m/cell=0.227 -> data/382/profile.npz
walkable: 29.3% of page (29.3% entrance-reachable)
components: 1  sizes: [70971]
anchors: 69  |  exclusions: 5
service pockets sealed (service + dead crevices): 6
   2230 cells at (384,446) near DELI
   1437 cells at (988,658) near AISLE 45
   1246 cells at (1096,561) near PHARMACY
   1179 cells at (811,593) near CHECKSTANDS
    368 cells at (1085,629) near PHARMACY
    139 cells at (701,182) near SEAFOOD
snaps moved >12 cells (check reachable.png):
  DELI: 17 cells (~3.9 m)
tightest corridors at anchors (half-width capacity):
  FLORAL: 0.64 m
  FROZEN: 0.82 m
  KITCHEN: 0.91 m
  KITCHEN GADGETS: 0.91 m
  AISLE 46: 0.96 m
  AISLE 4: 1.01 m
  AISLE 5: 1.01 m
  AISLE 6: 1.01 m
........................................................................ [  9%]
........................................................................ [ 18%]
........................................................................ [ 28%]
........................................................................ [ 37%]
........................................................................ [ 47%]
........................................................................ [ 56%]
........................................................................ [ 66%]
........................................................................ [ 75%]
........................................................................ [ 85%]
........................................................................ [ 94%]
.........................................                                [100%]
=============================== warnings summary ===============================
../../../../../../opt/anaconda3/lib/python3.12/site-packages/fastapi/testclient.py:1
  /opt/anaconda3/lib/python3.12/site-packages/fastapi/testclient.py:1: StarletteDeprecationWarning: Using `httpx` with `starlette.testclient` is deprecated; install `httpx2` instead.
    from starlette.testclient import TestClient as TestClient  # noqa

<frozen importlib._bootstrap>:488
<frozen importlib._bootstrap>:488
  <frozen importlib._bootstrap>:488: DeprecationWarning: builtin type SwigPyPacked has no __module__ attribute

<frozen importlib._bootstrap>:488
<frozen importlib._bootstrap>:488
  <frozen importlib._bootstrap>:488: DeprecationWarning: builtin type SwigPyObject has no __module__ attribute

<frozen importlib._bootstrap>:488
  <frozen importlib._bootstrap>:488: DeprecationWarning: builtin type swigvarlink has no __module__ attribute

-- Docs: https://docs.pytest.org/en/stable/how-to/capture-warnings.html
761 passed, 6 warnings in 48.31s
sys:1: DeprecationWarning: builtin type swigvarlink has no __module__ attribute
