48 anchors, 196 rect fixtures + 155 poly fixtures, 4896 wall segments, boundary 17 vertices -> data/269/geometry.json
overlay -> data/269/extract_overlay.png
service pockets culled: 27 (largest 2099 cells)
49 anchors, grid 612x396, m/cell=0.195 -> data/269/profile.npz
walkable: 39.4% of page (39.4% entrance-reachable)
components: 1  sizes: [95552]
anchors: 49  |  exclusions: 0
service pockets sealed (service + dead crevices): 27
   2099 cells at (1095,519) near RESTROOMS
    651 cells at (1098,414) near RESTROOMS
    455 cells at (239,326) near BAKERY
    320 cells at (276,268) near SEAFOOD
    290 cells at (539,515) near FROZEN FOODS
    289 cells at (581,507) near FROZEN FOODS
    200 cells at (360,622) near ENTRANCE
    151 cells at (377,549) near EXIT
    144 cells at (756,476) near AISLE 20
    127 cells at (481,624) near CHECKSTANDS
VERIFY: BAKERY area still 100% walkable at (170,368) — staff area? add an exclusion rect if so
VERIFY: DELI area still 100% walkable at (392,201) — staff area? add an exclusion rect if so
VERIFY: KITCHEN area still 62% walkable at (651,519) — staff area? add an exclusion rect if so
VERIFY: MARKET/DELI area still 100% walkable at (642,104) — staff area? add an exclusion rect if so
VERIFY: SEAFOOD area still 100% walkable at (157,265) — staff area? add an exclusion rect if so
snaps moved >12 cells (check reachable.png):
  RESTROOMS: 16 cells (~3.1 m)
  DAIRY: 15 cells (~2.9 m)
tightest corridors at anchors (half-width capacity):
  FROZEN FOODS: 0.59 m
  KITCHEN: 0.78 m
  DAIRY: 0.80 m
  ENTRANCE: 0.98 m
  FISH/MEAT/CHILI: 0.98 m
  RESTROOMS: 0.98 m
  AISLE 22: 1.14 m
  AISLE 23: 1.14 m
........................................................................ [ 18%]
........................................................................ [ 36%]
........................................................................ [ 55%]
........................................................................ [ 73%]
........................................................................ [ 92%]
..............................                                           [100%]
=============================== warnings summary ===============================
../../../../opt/anaconda3/lib/python3.12/site-packages/fastapi/testclient.py:1
  /opt/anaconda3/lib/python3.12/site-packages/fastapi/testclient.py:1: StarletteDeprecationWarning: Using `httpx` with `starlette.testclient` is deprecated; install `httpx2` instead.
    from starlette.testclient import TestClient as TestClient  # noqa

<frozen importlib._bootstrap>:488
<frozen importlib._bootstrap>:488
  <frozen importlib._bootstrap>:488: DeprecationWarning: builtin type SwigPyPacked has no __module__ attribute

<frozen importlib._bootstrap>:488
<frozen importlib._bootstrap>:488
  <frozen importlib._bootstrap>:488: DeprecationWarning: builtin type SwigPyObject has no __module__ attribute

<frozen importlib._bootstrap>:488
  <frozen importlib._bootstrap>:488: DeprecationWarning: builtin type swigvarlink has no __module__ attribute

-- Docs: https://docs.pytest.org/en/stable/how-to/capture-warnings.html
390 passed, 6 warnings in 39.63s
sys:1: DeprecationWarning: builtin type swigvarlink has no __module__ attribute
