45 anchors, 185 rect fixtures + 136 poly fixtures, 4621 wall segments, boundary 17 vertices -> data/227/geometry.json
overlay -> data/227/extract_overlay.png
service pockets culled: 33 (largest 2455 cells)
46 anchors, grid 633x417, m/cell=0.195 -> data/227/profile.npz
walkable: 24.8% of page (23.4% entrance-reachable)
components: 2  sizes: [61791, 3624]
anchors: 46  |  exclusions: 0
service pockets sealed (service + dead crevices): 33
   2455 cells at (493,192) near DAIRY
   1439 cells at (182,576) near AISLE 30
    577 cells at (1063,302) near PRODUCE
    537 cells at (1094,243) near PRODUCE
    407 cells at (806,628) near KITCHEN
    304 cells at (409,628) near EXIT
    302 cells at (1068,443) near BAKERY
    271 cells at (464,623) near RESTROOMS
    270 cells at (593,551) near CHECKSTANDS
    247 cells at (522,624) near RESTROOMS
VERIFY: BAKERY area still 100% walkable at (1158,419) — staff area? add an exclusion rect if so
VERIFY: DELI area still 94% walkable at (1140,542) — staff area? add an exclusion rect if so
VERIFY: KITCHEN area still 62% walkable at (790,488) — staff area? add an exclusion rect if so
VERIFY: SEAFOOD area still 86% walkable at (1006,208) — staff area? add an exclusion rect if so
snaps moved >12 cells (check reachable.png):
  DAIRY: 13 cells (~2.5 m)
tightest corridors at anchors (half-width capacity):
  DAIRY: 0.55 m
  FROZEN FOODS: 0.62 m
  PRODUCE: 0.62 m
  RESTROOMS: 0.62 m
  AISLE 25: 0.78 m
  AISLE 26: 0.87 m
  ENTRANCE: 0.87 m
  KITCHEN: 0.98 m
........................................................................ [ 12%]
........................................................................ [ 24%]
........................................................................ [ 36%]
........................................................................ [ 48%]
........................................................................ [ 60%]
........................................................................ [ 72%]
........................................................................ [ 84%]
........................................................................ [ 96%]
......................                                                   [100%]
=============================== warnings summary ===============================
../../../../../../opt/anaconda3/lib/python3.12/site-packages/fastapi/testclient.py:1
  /opt/anaconda3/lib/python3.12/site-packages/fastapi/testclient.py:1: StarletteDeprecationWarning: Using `httpx` with `starlette.testclient` is deprecated; install `httpx2` instead.
    from starlette.testclient import TestClient as TestClient  # noqa

<frozen importlib._bootstrap>:488
<frozen importlib._bootstrap>:488
  <frozen importlib._bootstrap>:488: DeprecationWarning: builtin type SwigPyPacked has no __module__ attribute

<frozen importlib._bootstrap>:488
<frozen importlib._bootstrap>:488
  <frozen importlib._bootstrap>:488: DeprecationWarning: builtin type SwigPyObject has no __module__ attribute

<frozen importlib._bootstrap>:488
  <frozen importlib._bootstrap>:488: DeprecationWarning: builtin type swigvarlink has no __module__ attribute

-- Docs: https://docs.pytest.org/en/stable/how-to/capture-warnings.html
598 passed, 6 warnings in 45.58s
sys:1: DeprecationWarning: builtin type swigvarlink has no __module__ attribute
