44 anchors, 193 rect fixtures + 107 poly fixtures, 1760 wall segments, boundary 17 vertices -> data/52/geometry.json
overlay -> data/52/extract_overlay.png
service pockets culled: 14 (largest 1495 cells)
45 anchors, grid 612x396, m/cell=0.239 -> data/52/profile.npz
walkable: 16.3% of page (16.0% entrance-reachable)
components: 3  sizes: [np.int64(38746), np.int64(559), np.int64(261)]
anchors: 45  |  exclusions: 3
service pockets sealed (service + dead crevices): 14
   1495 cells at (720,428) near EXIT
    759 cells at (422,188) near AISLE 14
    562 cells at (544,427) near CHECKSTANDS
    508 cells at (1110,436) near PRODUCE
    434 cells at (841,186) near AISLE 1
    410 cells at (143,185) near AISLE 20
    275 cells at (198,188) near DAIRY
    204 cells at (652,473) near EXIT
    181 cells at (147,213) near AISLE 20
    120 cells at (825,475) near RESTROOMS
snaps moved >12 cells (check reachable.png):
  DELI: 25 cells (~6.1 m)
tightest corridors at anchors (half-width capacity):
  EXIT: 0.54 m
  FLORAL: 0.72 m
  BAKERY: 0.76 m
  FROZEN FOOD: 0.96 m
  KITCHEN: 0.96 m
  MEAT: 0.96 m
  RESTROOMS: 0.96 m
  AISLE 13: 1.02 m
........................................................................ [  2%]
........................................................................ [  5%]
........................................................................ [  8%]
.............................................s.......................... [ 11%]
........................................................................ [ 14%]
........................................................................ [ 17%]
........................................................................ [ 20%]
........................................................................ [ 23%]
........................................................................ [ 26%]
........................................................................ [ 28%]
........................................................................ [ 31%]
........................................................................ [ 34%]
........................................................................ [ 37%]
........................................................................ [ 40%]
........................................................................ [ 43%]
........................................................................ [ 46%]
........................................................................ [ 49%]
........................................................................ [ 52%]
........................................................................ [ 54%]
........................................................................ [ 57%]
........................................................................ [ 60%]
........................................................................ [ 63%]
........................................................................ [ 66%]
........................................................................ [ 69%]
........................................................................ [ 72%]
........................................................................ [ 75%]
........................................................................ [ 78%]
........................................................................ [ 80%]
........................................................................ [ 83%]
........................................................................ [ 86%]
........................................................................ [ 89%]
........................................................................ [ 92%]
........................................................................ [ 95%]
........................................................................ [ 98%]
...........................................                              [100%]
=============================== warnings summary ===============================
../../.venv/lib/python3.12/site-packages/fastapi/testclient.py:1
  /Users/princekumar/Documents/grocerAlgo/.venv/lib/python3.12/site-packages/fastapi/testclient.py:1: StarletteDeprecationWarning: Using `httpx` with `starlette.testclient` is deprecated; install `httpx2` instead.
    from starlette.testclient import TestClient as TestClient  # noqa

<frozen importlib._bootstrap>:488
<frozen importlib._bootstrap>:488
  <frozen importlib._bootstrap>:488: DeprecationWarning: builtin type SwigPyPacked has no __module__ attribute

<frozen importlib._bootstrap>:488
<frozen importlib._bootstrap>:488
  <frozen importlib._bootstrap>:488: DeprecationWarning: builtin type SwigPyObject has no __module__ attribute

<frozen importlib._bootstrap>:488
  <frozen importlib._bootstrap>:488: DeprecationWarning: builtin type swigvarlink has no __module__ attribute

-- Docs: https://docs.pytest.org/en/stable/how-to/capture-warnings.html
2490 passed, 1 skipped, 6 warnings in 46.21s
sys:1: DeprecationWarning: builtin type swigvarlink has no __module__ attribute
