57 anchors, 259 rect fixtures + 107 poly fixtures, 2267 wall segments, boundary 11 vertices -> data/24/geometry.json
overlay -> data/24/extract_overlay.png
service pockets culled: 33 (largest 3725 cells)
58 anchors, grid 633x417, m/cell=0.224 -> data/24/profile.npz
walkable: 23.5% of page (23.5% entrance-reachable)
components: 1  sizes: [62087]
anchors: 58  |  exclusions: 0
service pockets sealed (service + dead crevices): 33
   3725 cells at (756,466) near BAKERY
   2735 cells at (298,485) near PHARMACY
   2016 cells at (1017,359) near SEAFOOD
    975 cells at (701,550) near BLOOMS RESTROOMS
    875 cells at (235,541) near PHARMACY
    725 cells at (818,514) near BAKERY
    649 cells at (921,443) near SEAFOOD
    582 cells at (534,640) near AISLE 40
    486 cells at (767,298) near CANNED MEAT
    486 cells at (629,298) near KITCHEN
snaps moved >12 cells (check reachable.png):
  ENTRANCE: 14 cells (~3.2 m)
tightest corridors at anchors (half-width capacity):
  AISLE 41: 0.81 m
  PHARMACY: 0.81 m
  POT PIE FROZEN DESSERTS: 0.81 m
  CANNED MEAT: 0.90 m
  EXIT: 0.90 m
  KITCHEN: 0.90 m
  FROZEN FOODS: 0.92 m
  AISLE 43: 0.95 m
........................................................................ [ 20%]
........................................................................ [ 41%]
........................................................................ [ 62%]
........................................................................ [ 83%]
.........................................................                [100%]
=============================== warnings summary ===============================
../../../../opt/anaconda3/lib/python3.12/site-packages/fastapi/testclient.py:1
  /opt/anaconda3/lib/python3.12/site-packages/fastapi/testclient.py:1: StarletteDeprecationWarning: Using `httpx` with `starlette.testclient` is deprecated; install `httpx2` instead.
    from starlette.testclient import TestClient as TestClient  # noqa

<frozen importlib._bootstrap>:488
<frozen importlib._bootstrap>:488
  <frozen importlib._bootstrap>:488: DeprecationWarning: builtin type SwigPyPacked has no __module__ attribute

<frozen importlib._bootstrap>:488
<frozen importlib._bootstrap>:488
  <frozen importlib._bootstrap>:488: DeprecationWarning: builtin type SwigPyObject has no __module__ attribute

<frozen importlib._bootstrap>:488
  <frozen importlib._bootstrap>:488: DeprecationWarning: builtin type swigvarlink has no __module__ attribute

-- Docs: https://docs.pytest.org/en/stable/how-to/capture-warnings.html
345 passed, 6 warnings in 50.65s
sys:1: DeprecationWarning: builtin type swigvarlink has no __module__ attribute
