33 anchors, 174 rect fixtures + 79 poly fixtures, 1467 wall segments, boundary 26 vertices -> data/291/geometry.json
overlay -> data/291/extract_overlay.png
service pockets culled: 29 (largest 6103 cells)
34 anchors, grid 612x396, m/cell=0.186 -> data/291/profile.npz
walkable: 31.8% of page (31.8% entrance-reachable)
components: 1  sizes: [77060]
anchors: 34  |  exclusions: 0
service pockets sealed (service + dead crevices): 29
   6103 cells at (277,270) near BAKERY
   2327 cells at (359,601) near DELI
   1635 cells at (1044,661) near PHARMACY
   1294 cells at (307,649) near DELI
    792 cells at (563,604) near RESTROOMS
    475 cells at (799,574) near KITCHEN
    368 cells at (600,645) near RESTROOMS
    321 cells at (461,633) near RESTROOMS
    251 cells at (971,576) near CHECKSTANDS
    244 cells at (1016,576) near CHECKSTANDS
VERIFY: PHARMACY area still 100% walkable at (1154,570) — staff area? add an exclusion rect if so
VERIFY: SEAFOOD area still 71% walkable at (362,194) — staff area? add an exclusion rect if so
snaps moved >12 cells (check reachable.png):
  ENTRANCE: 24 cells (~4.4 m)
  DELI: 12 cells (~2.3 m)
tightest corridors at anchors (half-width capacity):
  BAKERY: 0.56 m
  RESTROOMS: 0.74 m
  CHILI/MEAT/FISH: 0.93 m
  ENTRANCE: 0.93 m
  EXIT: 0.93 m
  FLORAL: 0.93 m
  KITCHEN: 0.93 m
  FROZEN: 1.08 m
........................................................................ [ 12%]
........................................................................ [ 24%]
........................................................................ [ 36%]
........................................................................ [ 48%]
........................................................................ [ 60%]
........................................................................ [ 72%]
........................................................................ [ 84%]
........................................................................ [ 96%]
......................                                                   [100%]
=============================== warnings summary ===============================
../../../../../../opt/anaconda3/lib/python3.12/site-packages/fastapi/testclient.py:1
  /opt/anaconda3/lib/python3.12/site-packages/fastapi/testclient.py:1: StarletteDeprecationWarning: Using `httpx` with `starlette.testclient` is deprecated; install `httpx2` instead.
    from starlette.testclient import TestClient as TestClient  # noqa

<frozen importlib._bootstrap>:488
<frozen importlib._bootstrap>:488
  <frozen importlib._bootstrap>:488: DeprecationWarning: builtin type SwigPyPacked has no __module__ attribute

<frozen importlib._bootstrap>:488
<frozen importlib._bootstrap>:488
  <frozen importlib._bootstrap>:488: DeprecationWarning: builtin type SwigPyObject has no __module__ attribute

<frozen importlib._bootstrap>:488
  <frozen importlib._bootstrap>:488: DeprecationWarning: builtin type swigvarlink has no __module__ attribute

-- Docs: https://docs.pytest.org/en/stable/how-to/capture-warnings.html
598 passed, 6 warnings in 46.32s
sys:1: DeprecationWarning: builtin type swigvarlink has no __module__ attribute
