33 anchors, 174 rect fixtures + 79 poly fixtures, 1467 wall segments, boundary 26 vertices -> data/291/geometry.json
overlay -> data/291/extract_overlay.png
service pockets culled: 20 (largest 2327 cells)
34 anchors, grid 612x396, m/cell=0.186 -> data/291/profile.npz
walkable: 32.0% of page (32.0% entrance-reachable)
components: 1  sizes: [77622]
anchors: 34  |  exclusions: 2
service pockets sealed (service + dead crevices): 20
   2327 cells at (359,601) near DELI
   1631 cells at (1044,661) near PHARMACY
   1294 cells at (307,649) near DELI
    972 cells at (337,287) near BAKERY
    792 cells at (563,604) near RESTROOMS
    701 cells at (960,593) near CHECKSTANDS
    471 cells at (1021,593) near PHARMACY
    368 cells at (600,645) near RESTROOMS
    321 cells at (461,633) near RESTROOMS
    211 cells at (910,579) near CHECKSTANDS
snaps moved >12 cells (check reachable.png):
  ENTRANCE: 24 cells (~4.4 m)
  PHARMACY: 12 cells (~2.3 m)
  DELI: 12 cells (~2.3 m)
tightest corridors at anchors (half-width capacity):
  RESTROOMS: 0.74 m
  BAKERY: 0.93 m
  CHILI/MEAT/FISH: 0.93 m
  ENTRANCE: 0.93 m
  EXIT: 0.93 m
  FLORAL: 0.93 m
  KITCHEN: 0.93 m
  FROZEN: 1.08 m
........................................................................ [  9%]
........................................................................ [ 18%]
........................................................................ [ 28%]
........................................................................ [ 37%]
........................................................................ [ 46%]
........................................................................ [ 56%]
........................................................................ [ 65%]
........................................................................ [ 75%]
........................................................................ [ 84%]
........................................................................ [ 93%]
..............................................                           [100%]
=============================== warnings summary ===============================
../../../../../../opt/anaconda3/lib/python3.12/site-packages/fastapi/testclient.py:1
  /opt/anaconda3/lib/python3.12/site-packages/fastapi/testclient.py:1: StarletteDeprecationWarning: Using `httpx` with `starlette.testclient` is deprecated; install `httpx2` instead.
    from starlette.testclient import TestClient as TestClient  # noqa

<frozen importlib._bootstrap>:488
<frozen importlib._bootstrap>:488
  <frozen importlib._bootstrap>:488: DeprecationWarning: builtin type SwigPyPacked has no __module__ attribute

<frozen importlib._bootstrap>:488
<frozen importlib._bootstrap>:488
  <frozen importlib._bootstrap>:488: DeprecationWarning: builtin type SwigPyObject has no __module__ attribute

<frozen importlib._bootstrap>:488
  <frozen importlib._bootstrap>:488: DeprecationWarning: builtin type swigvarlink has no __module__ attribute

-- Docs: https://docs.pytest.org/en/stable/how-to/capture-warnings.html
766 passed, 6 warnings in 57.91s
sys:1: DeprecationWarning: builtin type swigvarlink has no __module__ attribute
