49 anchors, 185 rect fixtures + 111 poly fixtures, 1726 wall segments, boundary 17 vertices -> data/182/geometry.json
overlay -> data/182/extract_overlay.png
service pockets culled: 17 (largest 18623 cells)
50 anchors, grid 633x417, m/cell=0.185 -> data/182/profile.npz
walkable: 30.3% of page (25.1% entrance-reachable)
components: 3  sizes: [66209, 7062, 6745]
anchors: 50  |  exclusions: 0
service pockets sealed (service + dead crevices): 17
  18623 cells at (951,592) near FLORAL
   2156 cells at (244,648) near PHARMACY
    429 cells at (408,715) near RESTROOMS
    409 cells at (1006,365) near SEAFOOD
    347 cells at (1005,291) near SEAFOOD
    291 cells at (296,618) near CHECKSTAND
    261 cells at (368,733) near RESTROOMS
    234 cells at (486,749) near RESTROOMS
    232 cells at (615,590) near CHECKSTANDS
    231 cells at (737,590) near CHECKSTANDS
VERIFY: KITCHEN area still 69% walkable at (440,234) — staff area? add an exclusion rect if so
VERIFY: SEAFOOD area still 100% walkable at (951,337) — staff area? add an exclusion rect if so
snaps moved >12 cells (check reachable.png):
  PRODUCE: 97 cells (~17.9 m)
  BAKERY: 48 cells (~8.9 m)
  DELI: 14 cells (~2.6 m)
  PHARMACY: 13 cells (~2.5 m)
tightest corridors at anchors (half-width capacity):
  AISLE 18: 0.74 m
  PRODUCE: 0.74 m
  AISLE 31: 0.76 m
  AISLE 26: 0.83 m
  AISLE 10: 0.93 m
  AISLE 11: 0.93 m
  AISLE 12: 0.93 m
  AISLE 13: 0.93 m
........................................................................ [ 12%]
........................................................................ [ 24%]
........................................................................ [ 36%]
........................................................................ [ 48%]
........................................................................ [ 60%]
........................................................................ [ 72%]
........................................................................ [ 84%]
........................................................................ [ 96%]
......................                                                   [100%]
=============================== warnings summary ===============================
../../../../../../opt/anaconda3/lib/python3.12/site-packages/fastapi/testclient.py:1
  /opt/anaconda3/lib/python3.12/site-packages/fastapi/testclient.py:1: StarletteDeprecationWarning: Using `httpx` with `starlette.testclient` is deprecated; install `httpx2` instead.
    from starlette.testclient import TestClient as TestClient  # noqa

<frozen importlib._bootstrap>:488
<frozen importlib._bootstrap>:488
  <frozen importlib._bootstrap>:488: DeprecationWarning: builtin type SwigPyPacked has no __module__ attribute

<frozen importlib._bootstrap>:488
<frozen importlib._bootstrap>:488
  <frozen importlib._bootstrap>:488: DeprecationWarning: builtin type SwigPyObject has no __module__ attribute

<frozen importlib._bootstrap>:488
  <frozen importlib._bootstrap>:488: DeprecationWarning: builtin type swigvarlink has no __module__ attribute

-- Docs: https://docs.pytest.org/en/stable/how-to/capture-warnings.html
598 passed, 6 warnings in 47.66s
sys:1: DeprecationWarning: builtin type swigvarlink has no __module__ attribute
