49 anchors, 185 rect fixtures + 111 poly fixtures, 1726 wall segments, boundary 17 vertices -> data/182/geometry.json
overlay -> data/182/extract_overlay.png
service pockets culled: 5 (largest 1780 cells)
50 anchors, grid 633x417, m/cell=0.185 -> data/182/profile.npz
walkable: 30.5% of page (30.5% entrance-reachable)
components: 1  sizes: [80564]
anchors: 50  |  exclusions: 10
service pockets sealed (service + dead crevices): 5
   1780 cells at (687,656) near CHECKSTANDS
   1395 cells at (684,593) near CHECKSTANDS
    399 cells at (410,714) near RESTROOMS
    234 cells at (486,749) near RESTROOMS
    222 cells at (431,739) near RESTROOMS
snaps moved >12 cells (check reachable.png):
  BAKERY: 14 cells (~2.6 m)
  DELI: 14 cells (~2.6 m)
  PHARMACY: 13 cells (~2.5 m)
tightest corridors at anchors (half-width capacity):
  AISLE 18: 0.74 m
  ENTRANCE: 0.74 m
  AISLE 31: 0.76 m
  AISLE 26: 0.83 m
  AISLE 10: 0.93 m
  AISLE 11: 0.93 m
  AISLE 12: 0.93 m
  AISLE 13: 0.93 m
........................................................................ [  9%]
........................................................................ [ 18%]
........................................................................ [ 28%]
........................................................................ [ 37%]
........................................................................ [ 47%]
........................................................................ [ 56%]
........................................................................ [ 66%]
........................................................................ [ 75%]
........................................................................ [ 84%]
........................................................................ [ 94%]
...........................................                              [100%]
=============================== warnings summary ===============================
../../../../../../opt/anaconda3/lib/python3.12/site-packages/fastapi/testclient.py:1
  /opt/anaconda3/lib/python3.12/site-packages/fastapi/testclient.py:1: StarletteDeprecationWarning: Using `httpx` with `starlette.testclient` is deprecated; install `httpx2` instead.
    from starlette.testclient import TestClient as TestClient  # noqa

<frozen importlib._bootstrap>:488
<frozen importlib._bootstrap>:488
  <frozen importlib._bootstrap>:488: DeprecationWarning: builtin type SwigPyPacked has no __module__ attribute

<frozen importlib._bootstrap>:488
<frozen importlib._bootstrap>:488
  <frozen importlib._bootstrap>:488: DeprecationWarning: builtin type SwigPyObject has no __module__ attribute

<frozen importlib._bootstrap>:488
  <frozen importlib._bootstrap>:488: DeprecationWarning: builtin type swigvarlink has no __module__ attribute

-- Docs: https://docs.pytest.org/en/stable/how-to/capture-warnings.html
763 passed, 6 warnings in 50.32s
sys:1: DeprecationWarning: builtin type swigvarlink has no __module__ attribute
