56 anchors, 306 rect fixtures + 200 poly fixtures, 4194 wall segments, boundary 11 vertices -> data/39/geometry.json
overlay -> data/39/extract_overlay.png
service pockets culled: 38 (largest 1720 cells)
57 anchors, grid 633x417, m/cell=0.230 -> data/39/profile.npz
walkable: 29.0% of page (27.6% entrance-reachable)
components: 2  sizes: [72966, 3655]
anchors: 57  |  exclusions: 0
service pockets sealed (service + dead crevices): 38
   1720 cells at (1069,317) near SEAFOOD
   1633 cells at (831,406) near BAKERY
   1249 cells at (1001,390) near SEAFOOD
   1207 cells at (212,534) near AISLE 40
   1176 cells at (949,59) near DELI
   1037 cells at (976,297) near KITCHEN
   1032 cells at (464,675) near AISLE 42
   1010 cells at (814,242) near DELI
    764 cells at (250,651) near AISLE 42
    468 cells at (437,468) near AISLE 37
snaps moved >12 cells (check reachable.png):
  PHARMACY DRIVE-THRU: 79 cells (~18.1 m)
  BAKERY: 18 cells (~4.2 m)
  DAIRY: 15 cells (~3.5 m)
  DELI: 13 cells (~3.1 m)
tightest corridors at anchors (half-width capacity):
  PHARMACY DRIVE-THRU: 0.83 m
  DELI: 0.92 m
  MEAT: 0.92 m
  RESTROOMS: 0.97 m
  AISLE 30: 1.03 m
  AISLE 25: 1.15 m
  AISLE 27: 1.15 m
  CHILI/MEAT/FISH: 1.15 m
........................................................................ [ 12%]
........................................................................ [ 24%]
........................................................................ [ 36%]
........................................................................ [ 48%]
........................................................................ [ 60%]
........................................................................ [ 72%]
........................................................................ [ 84%]
........................................................................ [ 96%]
......................                                                   [100%]
=============================== warnings summary ===============================
../../../../../../opt/anaconda3/lib/python3.12/site-packages/fastapi/testclient.py:1
  /opt/anaconda3/lib/python3.12/site-packages/fastapi/testclient.py:1: StarletteDeprecationWarning: Using `httpx` with `starlette.testclient` is deprecated; install `httpx2` instead.
    from starlette.testclient import TestClient as TestClient  # noqa

<frozen importlib._bootstrap>:488
<frozen importlib._bootstrap>:488
  <frozen importlib._bootstrap>:488: DeprecationWarning: builtin type SwigPyPacked has no __module__ attribute

<frozen importlib._bootstrap>:488
<frozen importlib._bootstrap>:488
  <frozen importlib._bootstrap>:488: DeprecationWarning: builtin type SwigPyObject has no __module__ attribute

<frozen importlib._bootstrap>:488
  <frozen importlib._bootstrap>:488: DeprecationWarning: builtin type swigvarlink has no __module__ attribute

-- Docs: https://docs.pytest.org/en/stable/how-to/capture-warnings.html
598 passed, 6 warnings in 49.50s
sys:1: DeprecationWarning: builtin type swigvarlink has no __module__ attribute
