42 anchors, 171 rect fixtures + 163 poly fixtures, 2462 wall segments, boundary 12 vertices -> data/658/geometry.json
overlay -> data/658/extract_overlay.png
service pockets culled: 16 (largest 3743 cells)
43 anchors, grid 633x417, m/cell=0.263 -> data/658/profile.npz
walkable: 34.8% of page (34.8% entrance-reachable)
components: 1  sizes: [91899]
anchors: 43  |  exclusions: 2
service pockets sealed (service + dead crevices): 16
   3743 cells at (712,413) near BAKERY
   3236 cells at (139,432) near PHARMACY
    755 cells at (1034,218) near DELI
    243 cells at (324,584) near AISLE 20
    192 cells at (500,591) near CHECKSTANDS
    192 cells at (450,591) near CHECKSTANDS
    185 cells at (399,592) near AISLE 19
    185 cells at (349,592) near AISLE 20
    181 cells at (574,591) near AISLE 15
    180 cells at (474,591) near CHECKSTANDS
snaps moved >12 cells (check reachable.png):
  BAKERY: 31 cells (~8.1 m)
  PHARMACY: 18 cells (~4.7 m)
  ENTRANCE: 13 cells (~3.5 m)
tightest corridors at anchors (half-width capacity):
  AISLE 7: 1.17 m
  AISLE 1: 1.31 m
  AISLE 11: 1.31 m
  AISLE 12: 1.31 m
  AISLE 13: 1.31 m
  AISLE 15: 1.31 m
  AISLE 16: 1.31 m
  AISLE 17: 1.31 m
........................................................................ [ 10%]
........................................................................ [ 21%]
........................................................................ [ 32%]
........................................................................ [ 43%]
........................................................................ [ 54%]
........................................................................ [ 65%]
........................................................................ [ 76%]
........................................................................ [ 87%]
........................................................................ [ 98%]
..........                                                               [100%]
=============================== warnings summary ===============================
../../../../../../opt/anaconda3/lib/python3.12/site-packages/fastapi/testclient.py:1
  /opt/anaconda3/lib/python3.12/site-packages/fastapi/testclient.py:1: StarletteDeprecationWarning: Using `httpx` with `starlette.testclient` is deprecated; install `httpx2` instead.
    from starlette.testclient import TestClient as TestClient  # noqa

<frozen importlib._bootstrap>:488
<frozen importlib._bootstrap>:488
  <frozen importlib._bootstrap>:488: DeprecationWarning: builtin type SwigPyPacked has no __module__ attribute

<frozen importlib._bootstrap>:488
<frozen importlib._bootstrap>:488
  <frozen importlib._bootstrap>:488: DeprecationWarning: builtin type SwigPyObject has no __module__ attribute

<frozen importlib._bootstrap>:488
  <frozen importlib._bootstrap>:488: DeprecationWarning: builtin type swigvarlink has no __module__ attribute

-- Docs: https://docs.pytest.org/en/stable/how-to/capture-warnings.html
658 passed, 6 warnings in 46.42s
sys:1: DeprecationWarning: builtin type swigvarlink has no __module__ attribute
