53 anchors, 298 rect fixtures + 184 poly fixtures, 2420 wall segments, boundary 11 vertices -> data/57/geometry.json
overlay -> data/57/extract_overlay.png
service pockets culled: 40 (largest 5811 cells)
54 anchors, grid 633x417, m/cell=0.228 -> data/57/profile.npz
walkable: 29.4% of page (29.2% entrance-reachable)
components: 3  sizes: [77016, 386, 320]
anchors: 54  |  exclusions: 0
service pockets sealed (service + dead crevices): 40
   5811 cells at (934,450) near DELI
   1465 cells at (287,584) near PHARMACY
   1216 cells at (1062,91) near AISLE 1
   1183 cells at (859,488) near BAKERY
   1056 cells at (483,739) near AISLE 35
   1044 cells at (475,703) near AISLE 35
    928 cells at (707,739) near CHECKSTANDS
    901 cells at (1108,468) near SUSHI SEAFOOD
    867 cells at (980,84) near AISLE 1
    796 cells at (309,678) near RESTROOM
VERIFY: SUSHI SEAFOOD area still 51% walkable at (1069,459) — staff area? add an exclusion rect if so
snaps moved >12 cells (check reachable.png):
  PHARMACY DRIVE-THRU: 64 cells (~14.7 m)
  BAKERY: 19 cells (~4.4 m)
  DELI: 17 cells (~3.9 m)
  ENTRANCE: 17 cells (~3.9 m)
  PHARMACY: 15 cells (~3.5 m)
  RESTROOM: 14 cells (~3.1 m)
tightest corridors at anchors (half-width capacity):
  AISLE 13: 0.68 m
  AISLE 28: 0.68 m
  AISLE 31: 0.68 m
  AISLE 32: 0.68 m
  AISLE 34: 0.68 m
  AISLE 6: 0.68 m
  PRODUCE: 0.68 m
  AISLE 10: 0.72 m
........................................................................ [ 12%]
........................................................................ [ 24%]
........................................................................ [ 36%]
........................................................................ [ 48%]
........................................................................ [ 60%]
........................................................................ [ 72%]
........................................................................ [ 84%]
........................................................................ [ 96%]
......................                                                   [100%]
=============================== warnings summary ===============================
../../../../../../opt/anaconda3/lib/python3.12/site-packages/fastapi/testclient.py:1
  /opt/anaconda3/lib/python3.12/site-packages/fastapi/testclient.py:1: StarletteDeprecationWarning: Using `httpx` with `starlette.testclient` is deprecated; install `httpx2` instead.
    from starlette.testclient import TestClient as TestClient  # noqa

<frozen importlib._bootstrap>:488
<frozen importlib._bootstrap>:488
  <frozen importlib._bootstrap>:488: DeprecationWarning: builtin type SwigPyPacked has no __module__ attribute

<frozen importlib._bootstrap>:488
<frozen importlib._bootstrap>:488
  <frozen importlib._bootstrap>:488: DeprecationWarning: builtin type SwigPyObject has no __module__ attribute

<frozen importlib._bootstrap>:488
  <frozen importlib._bootstrap>:488: DeprecationWarning: builtin type swigvarlink has no __module__ attribute

-- Docs: https://docs.pytest.org/en/stable/how-to/capture-warnings.html
598 passed, 6 warnings in 51.07s
sys:1: DeprecationWarning: builtin type swigvarlink has no __module__ attribute
