53 anchors, 298 rect fixtures + 184 poly fixtures, 2420 wall segments, boundary 11 vertices -> data/57/geometry.json
overlay -> data/57/extract_overlay.png
service pockets culled: 35 (largest 5811 cells)
54 anchors, grid 633x417, m/cell=0.228 -> data/57/profile.npz
walkable: 30.0% of page (30.0% entrance-reachable)
components: 1  sizes: [79320]
anchors: 54  |  exclusions: 4
service pockets sealed (service + dead crevices): 35
   5811 cells at (934,450) near DELI
   1216 cells at (1062,91) near AISLE 1
   1056 cells at (483,739) near AISLE 35
   1044 cells at (475,703) near AISLE 35
    928 cells at (707,739) near CHECKSTANDS
    901 cells at (1108,468) near SUSHI SEAFOOD
    867 cells at (980,84) near AISLE 1
    768 cells at (310,679) near RESTROOM
    710 cells at (766,705) near CHECKSTANDS
    684 cells at (687,703) near CHECKSTANDS
snaps moved >12 cells (check reachable.png):
  PHARMACY DRIVE-THRU: 57 cells (~13.1 m)
  BAKERY: 19 cells (~4.4 m)
  ENTRANCE: 17 cells (~3.9 m)
  PHARMACY: 16 cells (~3.7 m)
  DELI: 16 cells (~3.7 m)
  RESTROOM: 14 cells (~3.1 m)
tightest corridors at anchors (half-width capacity):
  PHARMACY DRIVE-THRU: 0.46 m
  AISLE 13: 0.68 m
  AISLE 28: 0.68 m
  AISLE 31: 0.68 m
  AISLE 32: 0.68 m
  AISLE 34: 0.68 m
  AISLE 6: 0.68 m
  BAKERY: 0.68 m
........................................................................ [  9%]
........................................................................ [ 19%]
........................................................................ [ 28%]
........................................................................ [ 38%]
........................................................................ [ 47%]
........................................................................ [ 57%]
........................................................................ [ 66%]
........................................................................ [ 76%]
........................................................................ [ 85%]
........................................................................ [ 95%]
.....................................                                    [100%]
=============================== warnings summary ===============================
../../../../../../opt/anaconda3/lib/python3.12/site-packages/fastapi/testclient.py:1
  /opt/anaconda3/lib/python3.12/site-packages/fastapi/testclient.py:1: StarletteDeprecationWarning: Using `httpx` with `starlette.testclient` is deprecated; install `httpx2` instead.
    from starlette.testclient import TestClient as TestClient  # noqa

<frozen importlib._bootstrap>:488
<frozen importlib._bootstrap>:488
  <frozen importlib._bootstrap>:488: DeprecationWarning: builtin type SwigPyPacked has no __module__ attribute

<frozen importlib._bootstrap>:488
<frozen importlib._bootstrap>:488
  <frozen importlib._bootstrap>:488: DeprecationWarning: builtin type SwigPyObject has no __module__ attribute

<frozen importlib._bootstrap>:488
  <frozen importlib._bootstrap>:488: DeprecationWarning: builtin type swigvarlink has no __module__ attribute

-- Docs: https://docs.pytest.org/en/stable/how-to/capture-warnings.html
757 passed, 6 warnings in 47.05s
sys:1: DeprecationWarning: builtin type swigvarlink has no __module__ attribute
