30 anchors, 111 rect fixtures + 61 poly fixtures, 1405 wall segments, boundary 20 vertices -> data/31/geometry.json
overlay -> data/31/extract_overlay.png
service pockets culled: 14 (largest 2554 cells)
31 anchors, grid 633x417, m/cell=0.123 -> data/31/profile.npz
walkable: 43.5% of page (43.5% entrance-reachable)
components: 1  sizes: [114819]
anchors: 31  |  exclusions: 0
service pockets sealed (service + dead crevices): 14
   2554 cells at (125,647) near PHARMACY
   2514 cells at (1096,703) near DELI
   1203 cells at (534,694) near RESTROOMS
   1120 cells at (111,507) near AISLE 17
    915 cells at (426,704) near FLORAL
    900 cells at (119,136) near AISLE 17
    854 cells at (581,754) near RESTROOMS
    845 cells at (663,73) near KITCHEN
    798 cells at (446,753) near RESTROOMS
    714 cells at (97,330) near AISLE 17
VERIFY: KITCHEN area still 69% walkable at (815,247) — staff area? add an exclusion rect if so
snaps moved >12 cells (check reachable.png):
  DELI: 20 cells (~2.5 m)
  ENTRANCE: 18 cells (~2.3 m)
  PHARMACY: 13 cells (~1.6 m)
tightest corridors at anchors (half-width capacity):
  AISLE 10: 0.62 m
  AISLE 11: 0.62 m
  AISLE 12: 0.62 m
  AISLE 13: 0.62 m
  AISLE 16: 0.62 m
  AISLE 4: 0.62 m
  AISLE 5: 0.62 m
  AISLE 6: 0.62 m
........................................................................ [ 12%]
........................................................................ [ 24%]
........................................................................ [ 36%]
........................................................................ [ 48%]
........................................................................ [ 60%]
........................................................................ [ 72%]
........................................................................ [ 84%]
........................................................................ [ 96%]
......................                                                   [100%]
=============================== warnings summary ===============================
../../../../../../opt/anaconda3/lib/python3.12/site-packages/fastapi/testclient.py:1
  /opt/anaconda3/lib/python3.12/site-packages/fastapi/testclient.py:1: StarletteDeprecationWarning: Using `httpx` with `starlette.testclient` is deprecated; install `httpx2` instead.
    from starlette.testclient import TestClient as TestClient  # noqa

<frozen importlib._bootstrap>:488
<frozen importlib._bootstrap>:488
  <frozen importlib._bootstrap>:488: DeprecationWarning: builtin type SwigPyPacked has no __module__ attribute

<frozen importlib._bootstrap>:488
<frozen importlib._bootstrap>:488
  <frozen importlib._bootstrap>:488: DeprecationWarning: builtin type SwigPyObject has no __module__ attribute

<frozen importlib._bootstrap>:488
  <frozen importlib._bootstrap>:488: DeprecationWarning: builtin type swigvarlink has no __module__ attribute

-- Docs: https://docs.pytest.org/en/stable/how-to/capture-warnings.html
598 passed, 6 warnings in 47.82s
sys:1: DeprecationWarning: builtin type swigvarlink has no __module__ attribute
