........................................................................ [  2%]
........................................................................ [  5%]
........................................................................ [  8%]
........................................s............................... [ 11%]
........................................................................ [ 14%]
........................................................................ [ 17%]
........................................................................ [ 20%]
........................................................................ [ 23%]
........................................................................ [ 26%]
........................................................................ [ 29%]
........................................................................ [ 32%]
........................................................................ [ 35%]
........................................................................ [ 38%]
........................................................................ [ 41%]
........................................................................ [ 44%]
........................................................................ [ 47%]
........................................................................ [ 50%]
........................................................................ [ 53%]
........................................................................ [ 56%]
........................................................................ [ 59%]
........................................................................ [ 62%]
........................................................................ [ 65%]
........................................................................ [ 68%]
........................................................................ [ 71%]
........................................................................ [ 74%]
........................................................................ [ 77%]
........................................................................ [ 80%]
........................................................................ [ 82%]
........................................................................ [ 85%]
........................................................................ [ 88%]
........................................................................ [ 91%]
........................................................................ [ 94%]
........................................................................ [ 97%]
......................................................                   [100%]
=============================== warnings summary ===============================
../../.venv/lib/python3.12/site-packages/fastapi/testclient.py:1
  /Users/princekumar/Documents/grocerAlgo/.venv/lib/python3.12/site-packages/fastapi/testclient.py:1: StarletteDeprecationWarning: Using `httpx` with `starlette.testclient` is deprecated; install `httpx2` instead.
    from starlette.testclient import TestClient as TestClient  # noqa

<frozen importlib._bootstrap>:488
<frozen importlib._bootstrap>:488
  <frozen importlib._bootstrap>:488: DeprecationWarning: builtin type SwigPyPacked has no __module__ attribute

<frozen importlib._bootstrap>:488
<frozen importlib._bootstrap>:488
  <frozen importlib._bootstrap>:488: DeprecationWarning: builtin type SwigPyObject has no __module__ attribute

<frozen importlib._bootstrap>:488
  <frozen importlib._bootstrap>:488: DeprecationWarning: builtin type swigvarlink has no __module__ attribute

-- Docs: https://docs.pytest.org/en/stable/how-to/capture-warnings.html
2429 passed, 1 skipped, 6 warnings in 42.91s
sys:1: DeprecationWarning: builtin type swigvarlink has no __module__ attribute
