30 anchors, 111 rect fixtures + 61 poly fixtures, 1405 wall segments, boundary 20 vertices -> data/31/geometry.json
overlay -> data/31/extract_overlay.png
service pockets culled: 19 (largest 2554 cells)
31 anchors, grid 633x417, m/cell=0.123 -> data/31/profile.npz
walkable: 42.5% of page (42.5% entrance-reachable)
components: 1  sizes: [np.int64(112096)]
anchors: 31  |  exclusions: 1
service pockets sealed (service + dead crevices): 19
   2554 cells at (125,647) near PHARMACY
   2514 cells at (1096,703) near DELI
   1203 cells at (534,694) near RESTROOMS
   1120 cells at (111,507) near AISLE 17
    915 cells at (426,704) near FLORAL
    900 cells at (119,136) near AISLE 17
    854 cells at (581,754) near RESTROOMS
    845 cells at (663,73) near KITCHEN
    798 cells at (446,753) near RESTROOMS
    714 cells at (97,330) near AISLE 17
snaps moved >12 cells (check reachable.png):
  DELI: 20 cells (~2.5 m)
  ENTRANCE: 18 cells (~2.3 m)
  PHARMACY: 13 cells (~1.6 m)
tightest corridors at anchors (half-width capacity):
  AISLE 11: 0.62 m
  AISLE 12: 0.62 m
  AISLE 13: 0.62 m
  AISLE 16: 0.62 m
  AISLE 6: 0.62 m
  AISLE 8: 0.62 m
  BAKERY: 0.62 m
  ENTRANCE: 0.62 m
........................................................................ [  2%]
........................................................................ [  5%]
........................................................................ [  8%]
........................................s............................... [ 11%]
........................................................................ [ 14%]
........................................................................ [ 17%]
........................................................................ [ 20%]
........................................................................ [ 23%]
........................................................................ [ 26%]
........................................................................ [ 29%]
........................................................................ [ 32%]
........................................................................ [ 35%]
........................................................................ [ 38%]
........................................................................ [ 41%]
........................................................................ [ 44%]
........................................................................ [ 47%]
........................................................................ [ 50%]
........................................................................ [ 53%]
........................................................................ [ 56%]
........................................................................ [ 59%]
........................................................................ [ 62%]
........................................................................ [ 65%]
........................................................................ [ 68%]
........................................................................ [ 71%]
........................................................................ [ 74%]
........................................................................ [ 77%]
........................................................................ [ 80%]
........................................................................ [ 82%]
........................................................................ [ 85%]
........................................................................ [ 88%]
........................................................................ [ 91%]
........................................................................ [ 94%]
........................................................................ [ 97%]
......................................................                   [100%]
=============================== warnings summary ===============================
../../.venv/lib/python3.12/site-packages/fastapi/testclient.py:1
  /Users/princekumar/Documents/grocerAlgo/.venv/lib/python3.12/site-packages/fastapi/testclient.py:1: StarletteDeprecationWarning: Using `httpx` with `starlette.testclient` is deprecated; install `httpx2` instead.
    from starlette.testclient import TestClient as TestClient  # noqa

<frozen importlib._bootstrap>:488
<frozen importlib._bootstrap>:488
  <frozen importlib._bootstrap>:488: DeprecationWarning: builtin type SwigPyPacked has no __module__ attribute

<frozen importlib._bootstrap>:488
<frozen importlib._bootstrap>:488
  <frozen importlib._bootstrap>:488: DeprecationWarning: builtin type SwigPyObject has no __module__ attribute

<frozen importlib._bootstrap>:488
  <frozen importlib._bootstrap>:488: DeprecationWarning: builtin type swigvarlink has no __module__ attribute

-- Docs: https://docs.pytest.org/en/stable/how-to/capture-warnings.html
2429 passed, 1 skipped, 6 warnings in 44.15s
sys:1: DeprecationWarning: builtin type swigvarlink has no __module__ attribute
