52 anchors, 294 rect fixtures + 100 poly fixtures, 2296 wall segments, boundary 12 vertices -> data/38/geometry.json
overlay -> data/38/extract_overlay.png
service pockets culled: 34 (largest 1995 cells)
53 anchors, grid 612x396, m/cell=0.197 -> data/38/profile.npz
walkable: 39.6% of page (39.5% entrance-reachable)
components: 2  sizes: [95663, 288]
anchors: 53  |  exclusions: 0
service pockets sealed (service + dead crevices): 34
   1995 cells at (205,60) near DAIRY
   1064 cells at (543,698) near CHECKSTANDS
    997 cells at (856,328) near BAKERY
    741 cells at (778,698) near EXIT
    618 cells at (799,463) near RESTROOMS
    608 cells at (677,698) near CHECKSTANDS
    481 cells at (703,449) near FLORAL
    460 cells at (881,557) near PRODUCE
    445 cells at (671,494) near FLORAL
    437 cells at (462,698) near AISLE 33
VERIFY: BAKERY area still 100% walkable at (799,389) — staff area? add an exclusion rect if so
VERIFY: DELI area still 100% walkable at (636,385) — staff area? add an exclusion rect if so
VERIFY: KITCHEN area still 62% walkable at (508,274) — staff area? add an exclusion rect if so
snaps moved >12 cells (check reachable.png):
  DAIRY: 14 cells (~2.7 m)
  PHARMACY: 13 cells (~2.6 m)
tightest corridors at anchors (half-width capacity):
  DAIRY: 0.56 m
  EXIT: 0.71 m
  AISLE 35: 0.98 m
  AISLE 36: 0.98 m
  ENTRANCE: 0.98 m
  FISH/MEAT/CHILI: 0.98 m
  FLORAL: 0.98 m
  FROZEN FOODS: 0.98 m
........................................................................ [ 12%]
........................................................................ [ 24%]
........................................................................ [ 36%]
........................................................................ [ 48%]
........................................................................ [ 60%]
........................................................................ [ 72%]
........................................................................ [ 84%]
........................................................................ [ 96%]
......................                                                   [100%]
=============================== warnings summary ===============================
../../../../../../opt/anaconda3/lib/python3.12/site-packages/fastapi/testclient.py:1
  /opt/anaconda3/lib/python3.12/site-packages/fastapi/testclient.py:1: StarletteDeprecationWarning: Using `httpx` with `starlette.testclient` is deprecated; install `httpx2` instead.
    from starlette.testclient import TestClient as TestClient  # noqa

<frozen importlib._bootstrap>:488
<frozen importlib._bootstrap>:488
  <frozen importlib._bootstrap>:488: DeprecationWarning: builtin type SwigPyPacked has no __module__ attribute

<frozen importlib._bootstrap>:488
<frozen importlib._bootstrap>:488
  <frozen importlib._bootstrap>:488: DeprecationWarning: builtin type SwigPyObject has no __module__ attribute

<frozen importlib._bootstrap>:488
  <frozen importlib._bootstrap>:488: DeprecationWarning: builtin type swigvarlink has no __module__ attribute

-- Docs: https://docs.pytest.org/en/stable/how-to/capture-warnings.html
598 passed, 6 warnings in 47.52s
sys:1: DeprecationWarning: builtin type swigvarlink has no __module__ attribute
