........................................................................ [  9%]
........................................................................ [ 18%]
........................................................................ [ 28%]
........................................................................ [ 37%]
........................................................................ [ 46%]
........................................................................ [ 56%]
........................................................................ [ 65%]
........................................................................ [ 75%]
........................................................................ [ 84%]
........................................................................ [ 93%]
..............................................                           [100%]
=============================== warnings summary ===============================
../../../../../../opt/anaconda3/lib/python3.12/site-packages/fastapi/testclient.py:1
  /opt/anaconda3/lib/python3.12/site-packages/fastapi/testclient.py:1: StarletteDeprecationWarning: Using `httpx` with `starlette.testclient` is deprecated; install `httpx2` instead.
    from starlette.testclient import TestClient as TestClient  # noqa

<frozen importlib._bootstrap>:488
<frozen importlib._bootstrap>:488
  <frozen importlib._bootstrap>:488: DeprecationWarning: builtin type SwigPyPacked has no __module__ attribute

<frozen importlib._bootstrap>:488
<frozen importlib._bootstrap>:488
  <frozen importlib._bootstrap>:488: DeprecationWarning: builtin type SwigPyObject has no __module__ attribute

<frozen importlib._bootstrap>:488
  <frozen importlib._bootstrap>:488: DeprecationWarning: builtin type swigvarlink has no __module__ attribute

-- Docs: https://docs.pytest.org/en/stable/how-to/capture-warnings.html
766 passed, 6 warnings in 47.05s
sys:1: DeprecationWarning: builtin type swigvarlink has no __module__ attribute
