52 anchors, 294 rect fixtures + 100 poly fixtures, 2296 wall segments, boundary 12 vertices -> data/38/geometry.json
overlay -> data/38/extract_overlay.png
service pockets culled: 32 (largest 1064 cells)
53 anchors, grid 612x396, m/cell=0.197 -> data/38/profile.npz
walkable: 32.7% of page (32.7% entrance-reachable)
components: 1  sizes: [79144]
anchors: 53  |  exclusions: 5
service pockets sealed (service + dead crevices): 32
   1064 cells at (543,698) near CHECKSTANDS
    988 cells at (856,328) near BAKERY
    741 cells at (778,698) near EXIT
    618 cells at (799,463) near RESTROOMS
    608 cells at (677,698) near CHECKSTANDS
    481 cells at (703,449) near FLORAL
    445 cells at (671,494) near FLORAL
    437 cells at (462,698) near AISLE 33
    399 cells at (622,698) near CHECKSTANDS
    310 cells at (582,483) near FLORAL
snaps moved >12 cells (check reachable.png):
  DELI: 18 cells (~3.6 m)
  DAIRY: 14 cells (~2.7 m)
  PHARMACY: 13 cells (~2.6 m)
  BAKERY: 12 cells (~2.4 m)
tightest corridors at anchors (half-width capacity):
  DAIRY: 0.56 m
  EXIT: 0.71 m
  FLORAL: 0.83 m
  AISLE 35: 0.98 m
  AISLE 36: 0.98 m
  DELI: 0.98 m
  ENTRANCE: 0.98 m
  FISH/MEAT/CHILI: 0.98 m
........................................................................ [  9%]
........................................................................ [ 18%]
........................................................................ [ 28%]
........................................................................ [ 37%]
........................................................................ [ 46%]
........................................................................ [ 56%]
........................................................................ [ 65%]
........................................................................ [ 75%]
........................................................................ [ 84%]
........................................................................ [ 93%]
..............................................                           [100%]
=============================== warnings summary ===============================
../../../../../../opt/anaconda3/lib/python3.12/site-packages/fastapi/testclient.py:1
  /opt/anaconda3/lib/python3.12/site-packages/fastapi/testclient.py:1: StarletteDeprecationWarning: Using `httpx` with `starlette.testclient` is deprecated; install `httpx2` instead.
    from starlette.testclient import TestClient as TestClient  # noqa

<frozen importlib._bootstrap>:488
<frozen importlib._bootstrap>:488
  <frozen importlib._bootstrap>:488: DeprecationWarning: builtin type SwigPyPacked has no __module__ attribute

<frozen importlib._bootstrap>:488
<frozen importlib._bootstrap>:488
  <frozen importlib._bootstrap>:488: DeprecationWarning: builtin type SwigPyObject has no __module__ attribute

<frozen importlib._bootstrap>:488
  <frozen importlib._bootstrap>:488: DeprecationWarning: builtin type swigvarlink has no __module__ attribute

-- Docs: https://docs.pytest.org/en/stable/how-to/capture-warnings.html
766 passed, 6 warnings in 46.93s
sys:1: DeprecationWarning: builtin type swigvarlink has no __module__ attribute
