35 anchors, 171 rect fixtures + 103 poly fixtures, 1847 wall segments, boundary 13 vertices -> data/224/geometry.json
overlay -> data/224/extract_overlay.png
service pockets culled: 10 (largest 3382 cells)
36 anchors, grid 612x396, m/cell=0.188 -> data/224/profile.npz
walkable: 39.8% of page (39.8% entrance-reachable)
components: 1  sizes: [96338]
anchors: 36  |  exclusions: 0
service pockets sealed (service + dead crevices): 10
   3382 cells at (1095,414) near BAKERY
    748 cells at (1113,603) near DELI
    729 cells at (806,558) near RESTROOMS
    641 cells at (1019,616) near DELI
    395 cells at (681,654) near RESTROOMS
    363 cells at (602,557) near CHECKSTANDS
    333 cells at (648,558) near CHECKSTANDS
    228 cells at (305,577) near PHARMACY
    177 cells at (336,637) near FLORAL
    105 cells at (371,646) near FLORAL
VERIFY: KITCHEN area still 62% walkable at (784,474) — staff area? add an exclusion rect if so
VERIFY: PHARMACY area still 100% walkable at (233,631) — staff area? add an exclusion rect if so
VERIFY: SEAFOOD area still 100% walkable at (927,174) — staff area? add an exclusion rect if so
snaps moved >12 cells (check reachable.png):
  BAKERY: 18 cells (~3.4 m)
tightest corridors at anchors (half-width capacity):
  BAKERY: 0.94 m
  DELI: 0.94 m
  ENTRANCE: 0.94 m
  FISH/MEAT/CHILI: 1.13 m
  KITCHEN: 1.13 m
  PRODUCE: 1.13 m
  EXIT: 1.37 m
  AISLE 10: 1.43 m
........................................................................ [ 12%]
........................................................................ [ 24%]
........................................................................ [ 36%]
........................................................................ [ 48%]
........................................................................ [ 60%]
........................................................................ [ 72%]
........................................................................ [ 84%]
........................................................................ [ 96%]
......................                                                   [100%]
=============================== warnings summary ===============================
../../../../../../opt/anaconda3/lib/python3.12/site-packages/fastapi/testclient.py:1
  /opt/anaconda3/lib/python3.12/site-packages/fastapi/testclient.py:1: StarletteDeprecationWarning: Using `httpx` with `starlette.testclient` is deprecated; install `httpx2` instead.
    from starlette.testclient import TestClient as TestClient  # noqa

<frozen importlib._bootstrap>:488
<frozen importlib._bootstrap>:488
  <frozen importlib._bootstrap>:488: DeprecationWarning: builtin type SwigPyPacked has no __module__ attribute

<frozen importlib._bootstrap>:488
<frozen importlib._bootstrap>:488
  <frozen importlib._bootstrap>:488: DeprecationWarning: builtin type SwigPyObject has no __module__ attribute

<frozen importlib._bootstrap>:488
  <frozen importlib._bootstrap>:488: DeprecationWarning: builtin type swigvarlink has no __module__ attribute

-- Docs: https://docs.pytest.org/en/stable/how-to/capture-warnings.html
598 passed, 6 warnings in 46.34s
sys:1: DeprecationWarning: builtin type swigvarlink has no __module__ attribute
