Store 224 is converged. Stopping here for the separate audit role as instructed.

## Result

`./rebuild.sh 224` exits 0, **773 tests green** (including 659's pixel-frozen golden gate), and `data/224/qa/report.json` reports:

```
"verify": []
"coverage": {"sealed_floor_patches": [], "unreachable_shelf_labels": []}
"components": {"n": 1, "sizes": [69917]}
"walkable_pct": 28.8
```

Files authored (data only, store 224 only): `exclusions.json`, `inclusions.json`, `walk_truth.json`. Zones and seal_zones stayed derived.

## What the map needed

**Exclusions (2)**
- **Back-of-house band** — the first pass had the whole ~11 m deep, full-width strip behind the Dairy/Market wall cases walkable (that alone was ~11 % of the page). The sales floor's north edge is a traced wall run: `y=153.7` from x 463.7–874.7, the thick diagonal `(932.7,129.6)→(879.9,160.7)` beside the Seafood case, then `y=103.5` out to the east wall. Two staff double-swing door symbols sit in that run, at (466–486, ~154) and (924–948, 98–122). Same call as 659's "behind Dairy cases" exclusion.
- **Pharmacy dispensary + back room** — the label prints inside a walled bay (building walls west/south, partition `x=323.5` with two door swings, counter run `y=606.8–610.8` north carrying the *First Aid* shelf on its customer face). No fixture, no product label inside. Matches 659/658/660.

**Inclusions (5)** — all VERIFY or seal-bridge false positives:
- Aisle 6 at the **"Kitchen Gadgets"** shelf label (product category, not a counter — same as 658/660).
- **Seafood** south frontage (label prints on the shopping floor; the staff side is the sealed band).
- Three passages the derived disks bridged shut: the **Nutritional Aids/Bars aisle** (auto:PHARMACY), **aisle 1's north mouth** under badge 1, and a **Produce cross-walk** — the last two were only found by scanning every aisle mouth, not by the report.

All 10 culled pockets classified: bakery production room, deli staff strip, back corner room, Business Center, four checkstand-lane groups, plus two front crevices. Both far-snaps (BAKERY 3.4 m, PHARMACY 2.5 m) are labels correctly sitting inside sealed staff space. `corridor_width.png` shows no red slivers.

`walk_truth.json` locks it in with 26 `must` / 25 `must_not` points. Most `must_not` points sit on structurally-free floor rather than on drawn ink, so they fail if a region reopens — not just if fixture extraction changes.
