39 anchors, 192 rect fixtures + 96 poly fixtures, 1135 wall segments, boundary 9 vertices -> data/229/geometry.json
overlay -> data/229/extract_overlay.png
service pockets culled: 28 (largest 2699 cells)
40 anchors, grid 612x396, m/cell=0.158 -> data/229/profile.npz
walkable: 43.5% of page (36.9% entrance-reachable)
components: 3  sizes: [89533, 11312, 4466]
anchors: 40  |  exclusions: 0
service pockets sealed (service + dead crevices): 28
   2699 cells at (299,118) near DAIRY
   2230 cells at (172,651) near PHARMACY
    780 cells at (1114,616) near DELI
    684 cells at (161,110) near DAIRY
    470 cells at (874,93) near SEAFOOD
    432 cells at (288,659) near PHARMACY
    416 cells at (1126,475) near BAKERY
    309 cells at (639,662) near CHECKSTANDS
    269 cells at (1099,474) near BAKERY
    261 cells at (512,665) near AISLE 11
VERIFY: BAKERY area still 100% walkable at (1057,380) — staff area? add an exclusion rect if so
VERIFY: DELI area still 100% walkable at (1015,593) — staff area? add an exclusion rect if so
VERIFY: MARKET DELI area still 69% walkable at (260,199) — staff area? add an exclusion rect if so
VERIFY: SEAFOOD area still 100% walkable at (916,126) — staff area? add an exclusion rect if so
snaps moved >12 cells (check reachable.png):
  PHARMACY: 18 cells (~2.9 m)
  ENTRANCE: 14 cells (~2.3 m)
tightest corridors at anchors (half-width capacity):
  AISLE 13: 0.35 m
  AISLE 22: 0.47 m
  AISLE 16: 0.63 m
  AISLE 18: 0.63 m
  AISLE 19: 0.63 m
  AISLE 20: 0.63 m
  AISLE 24: 0.63 m
  AISLE 25: 0.71 m
........................................................................ [ 12%]
........................................................................ [ 24%]
........................................................................ [ 36%]
........................................................................ [ 48%]
........................................................................ [ 60%]
........................................................................ [ 72%]
........................................................................ [ 84%]
........................................................................ [ 96%]
......................                                                   [100%]
=============================== warnings summary ===============================
../../../../../../opt/anaconda3/lib/python3.12/site-packages/fastapi/testclient.py:1
  /opt/anaconda3/lib/python3.12/site-packages/fastapi/testclient.py:1: StarletteDeprecationWarning: Using `httpx` with `starlette.testclient` is deprecated; install `httpx2` instead.
    from starlette.testclient import TestClient as TestClient  # noqa

<frozen importlib._bootstrap>:488
<frozen importlib._bootstrap>:488
  <frozen importlib._bootstrap>:488: DeprecationWarning: builtin type SwigPyPacked has no __module__ attribute

<frozen importlib._bootstrap>:488
<frozen importlib._bootstrap>:488
  <frozen importlib._bootstrap>:488: DeprecationWarning: builtin type SwigPyObject has no __module__ attribute

<frozen importlib._bootstrap>:488
  <frozen importlib._bootstrap>:488: DeprecationWarning: builtin type swigvarlink has no __module__ attribute

-- Docs: https://docs.pytest.org/en/stable/how-to/capture-warnings.html
598 passed, 6 warnings in 48.36s
sys:1: DeprecationWarning: builtin type swigvarlink has no __module__ attribute
