35 anchors, 173 rect fixtures + 164 poly fixtures, 2622 wall segments, boundary 19 vertices -> data/183/geometry.json
overlay -> data/183/extract_overlay.png
service pockets culled: 29 (largest 4289 cells)
36 anchors, grid 633x417, m/cell=0.199 -> data/183/profile.npz
walkable: 23.6% of page (23.6% entrance-reachable)
components: 1  sizes: [62191]
anchors: 36  |  exclusions: 1
service pockets sealed (service + dead crevices): 29
   4289 cells at (208,329) near BAKERY
   2540 cells at (131,257) near BAKERY
   1736 cells at (92,217) near DELI
   1422 cells at (925,558) near RESTROOMS
   1104 cells at (84,373) near BAKERY
    685 cells at (74,514) near PRODUCE
    684 cells at (459,183) near AISLE 1
    675 cells at (822,222) near AISLE 13
    618 cells at (1019,539) near RESTROOMS
    524 cells at (952,522) near RESTROOMS
snaps moved >12 cells (check reachable.png):
  RESTROOMS: 26 cells (~5.2 m)
  BAKERY: 22 cells (~4.3 m)
  ENTRANCE: 13 cells (~2.6 m)
  DELI: 13 cells (~2.5 m)
tightest corridors at anchors (half-width capacity):
  RESTROOMS: 0.56 m
  KITCHEN: 0.80 m
  AISLE 1: 0.82 m
  AISLE 3: 0.82 m
  AISLE 2: 0.89 m
  AISLE 4: 0.89 m
  AISLE 5: 0.89 m
  AISLE 8: 0.89 m
........................................................................ [  9%]
........................................................................ [ 19%]
........................................................................ [ 29%]
........................................................................ [ 38%]
........................................................................ [ 48%]
........................................................................ [ 58%]
........................................................................ [ 67%]
........................................................................ [ 77%]
........................................................................ [ 87%]
........................................................................ [ 96%]
........................                                                 [100%]
=============================== warnings summary ===============================
../../../../../../opt/anaconda3/lib/python3.12/site-packages/fastapi/testclient.py:1
  /opt/anaconda3/lib/python3.12/site-packages/fastapi/testclient.py:1: StarletteDeprecationWarning: Using `httpx` with `starlette.testclient` is deprecated; install `httpx2` instead.
    from starlette.testclient import TestClient as TestClient  # noqa

<frozen importlib._bootstrap>:488
<frozen importlib._bootstrap>:488
  <frozen importlib._bootstrap>:488: DeprecationWarning: builtin type SwigPyPacked has no __module__ attribute

<frozen importlib._bootstrap>:488
<frozen importlib._bootstrap>:488
  <frozen importlib._bootstrap>:488: DeprecationWarning: builtin type SwigPyObject has no __module__ attribute

<frozen importlib._bootstrap>:488
  <frozen importlib._bootstrap>:488: DeprecationWarning: builtin type swigvarlink has no __module__ attribute

-- Docs: https://docs.pytest.org/en/stable/how-to/capture-warnings.html
744 passed, 6 warnings in 59.54s
sys:1: DeprecationWarning: builtin type swigvarlink has no __module__ attribute
