44 anchors, 153 rect fixtures + 127 poly fixtures, 3299 wall segments, boundary 27 vertices -> data/231/geometry.json
overlay -> data/231/extract_overlay.png
service pockets culled: 20 (largest 3497 cells)
45 anchors, grid 633x417, m/cell=0.182 -> data/231/profile.npz
walkable: 29.5% of page (29.5% entrance-reachable)
components: 1  sizes: [77873]
anchors: 45  |  exclusions: 0
service pockets sealed (service + dead crevices): 20
   3497 cells at (150,600) near PHARMACY
   1646 cells at (586,678) near RESTROOMS
   1439 cells at (1009,652) near BAKERY
    598 cells at (483,567) near AISLE 14
    581 cells at (273,627) near FLORAL
    485 cells at (391,570) near AISLE 16
    378 cells at (926,665) near BAKERY
    289 cells at (450,684) near ENTRANCE
    254 cells at (741,672) near RESTROOMS
    192 cells at (705,672) near RESTROOMS
VERIFY: BAKERY area still 100% walkable at (936,622) — staff area? add an exclusion rect if so
VERIFY: DELI area still 78% walkable at (844,591) — staff area? add an exclusion rect if so
VERIFY: KITCHEN area still 62% walkable at (833,455) — staff area? add an exclusion rect if so
VERIFY: SEAFOOD area still 100% walkable at (1037,234) — staff area? add an exclusion rect if so
snaps moved >12 cells (check reachable.png):
  PHARMACY: 25 cells (~4.6 m)
  ENTRANCE: 22 cells (~4.0 m)
tightest corridors at anchors (half-width capacity):
  ENTRANCE: 0.36 m
  AISLE 22: 0.58 m
  AISLE 20: 0.73 m
  AISLE 21: 0.75 m
  AISLE 11: 0.91 m
  AISLE 17: 0.91 m
  AISLE 24: 0.91 m
  AISLE 25: 0.91 m
........................................................................ [ 12%]
........................................................................ [ 24%]
........................................................................ [ 36%]
........................................................................ [ 48%]
........................................................................ [ 60%]
........................................................................ [ 72%]
........................................................................ [ 84%]
........................................................................ [ 96%]
......................                                                   [100%]
=============================== warnings summary ===============================
../../../../../../opt/anaconda3/lib/python3.12/site-packages/fastapi/testclient.py:1
  /opt/anaconda3/lib/python3.12/site-packages/fastapi/testclient.py:1: StarletteDeprecationWarning: Using `httpx` with `starlette.testclient` is deprecated; install `httpx2` instead.
    from starlette.testclient import TestClient as TestClient  # noqa

<frozen importlib._bootstrap>:488
<frozen importlib._bootstrap>:488
  <frozen importlib._bootstrap>:488: DeprecationWarning: builtin type SwigPyPacked has no __module__ attribute

<frozen importlib._bootstrap>:488
<frozen importlib._bootstrap>:488
  <frozen importlib._bootstrap>:488: DeprecationWarning: builtin type SwigPyObject has no __module__ attribute

<frozen importlib._bootstrap>:488
  <frozen importlib._bootstrap>:488: DeprecationWarning: builtin type swigvarlink has no __module__ attribute

-- Docs: https://docs.pytest.org/en/stable/how-to/capture-warnings.html
598 passed, 6 warnings in 47.66s
sys:1: DeprecationWarning: builtin type swigvarlink has no __module__ attribute
