47 anchors, 328 rect fixtures + 322 poly fixtures, 3765 wall segments, boundary 15 vertices -> data/95/geometry.json
overlay -> data/95/extract_overlay.png
service pockets culled: 2 (largest 1087 cells)
48 anchors, grid 669x417, m/cell=0.232 -> data/95/profile.npz
walkable: 27.9% of page (27.9% entrance-reachable)
components: 1  sizes: [77881]
anchors: 48  |  exclusions: 5
service pockets sealed (service + dead crevices): 2
   1087 cells at (408,583) near PHARMACY
    326 cells at (875,637) near CHECKSTANDS
tightest corridors at anchors (half-width capacity):
  EXIT: 0.52 m
  ENTRANCE: 0.70 m
  KITCHEN: 0.70 m
  RESTROOMS: 0.70 m
  AISLE 30: 0.93 m
  MEAT: 0.93 m
  AISLE 17: 1.16 m
  AISLE 21: 1.16 m
........................................................................ [  9%]
........................................................................ [ 18%]
........................................................................ [ 28%]
........................................................................ [ 37%]
........................................................................ [ 47%]
........................................................................ [ 56%]
........................................................................ [ 66%]
........................................................................ [ 75%]
........................................................................ [ 85%]
........................................................................ [ 94%]
......................................                                   [100%]
=============================== warnings summary ===============================
../../../../../../opt/anaconda3/lib/python3.12/site-packages/fastapi/testclient.py:1
  /opt/anaconda3/lib/python3.12/site-packages/fastapi/testclient.py:1: StarletteDeprecationWarning: Using `httpx` with `starlette.testclient` is deprecated; install `httpx2` instead.
    from starlette.testclient import TestClient as TestClient  # noqa

<frozen importlib._bootstrap>:488
<frozen importlib._bootstrap>:488
  <frozen importlib._bootstrap>:488: DeprecationWarning: builtin type SwigPyPacked has no __module__ attribute

<frozen importlib._bootstrap>:488
<frozen importlib._bootstrap>:488
  <frozen importlib._bootstrap>:488: DeprecationWarning: builtin type SwigPyObject has no __module__ attribute

<frozen importlib._bootstrap>:488
  <frozen importlib._bootstrap>:488: DeprecationWarning: builtin type swigvarlink has no __module__ attribute

-- Docs: https://docs.pytest.org/en/stable/how-to/capture-warnings.html
758 passed, 6 warnings in 50.29s
sys:1: DeprecationWarning: builtin type swigvarlink has no __module__ attribute
