45 anchors, 201 rect fixtures + 155 poly fixtures, 2028 wall segments, boundary 40 vertices -> data/70/geometry.json
overlay -> data/70/extract_overlay.png
service pockets culled: 15 (largest 19147 cells)
46 anchors, grid 633x417, m/cell=0.227 -> data/70/profile.npz
walkable: 14.2% of page (14.2% entrance-reachable)
components: 1  sizes: [37572]
anchors: 46  |  exclusions: 0
service pockets sealed (service + dead crevices): 15
  19147 cells at (1025,479) near PRODUCE
   2913 cells at (709,460) near MEAT
   2138 cells at (218,168) near DAIRY
   1580 cells at (888,606) near DELI
   1474 cells at (169,421) near PHARMACY
   1034 cells at (784,616) near DELI
    776 cells at (170,534) near PHARMACY
    714 cells at (243,540) near AISLE 21
    287 cells at (566,594) near CHECKSTANDS
    274 cells at (548,205) near AISLE 10
VERIFY: DELI area still 94% walkable at (804,550) — staff area? add an exclusion rect if so
snaps moved >12 cells (check reachable.png):
  PRODUCE: 90 cells (~20.4 m)
  FLORAL: 50 cells (~11.3 m)
  BAKERY: 20 cells (~4.5 m)
tightest corridors at anchors (half-width capacity):
  PHARMACY: 0.72 m
  AISLE 21: 0.91 m
  AISLE 26: 0.91 m
  KITCHEN: 0.91 m
  MEAT: 0.91 m
  DAIRY: 0.94 m
  AISLE 23: 0.96 m
  AISLE 25: 0.96 m
........................................................................ [ 12%]
........................................................................ [ 24%]
........................................................................ [ 36%]
........................................................................ [ 48%]
........................................................................ [ 60%]
........................................................................ [ 72%]
........................................................................ [ 84%]
........................................................................ [ 96%]
......................                                                   [100%]
=============================== warnings summary ===============================
../../../../../../opt/anaconda3/lib/python3.12/site-packages/fastapi/testclient.py:1
  /opt/anaconda3/lib/python3.12/site-packages/fastapi/testclient.py:1: StarletteDeprecationWarning: Using `httpx` with `starlette.testclient` is deprecated; install `httpx2` instead.
    from starlette.testclient import TestClient as TestClient  # noqa

<frozen importlib._bootstrap>:488
<frozen importlib._bootstrap>:488
  <frozen importlib._bootstrap>:488: DeprecationWarning: builtin type SwigPyPacked has no __module__ attribute

<frozen importlib._bootstrap>:488
<frozen importlib._bootstrap>:488
  <frozen importlib._bootstrap>:488: DeprecationWarning: builtin type SwigPyObject has no __module__ attribute

<frozen importlib._bootstrap>:488
  <frozen importlib._bootstrap>:488: DeprecationWarning: builtin type swigvarlink has no __module__ attribute

-- Docs: https://docs.pytest.org/en/stable/how-to/capture-warnings.html
598 passed, 6 warnings in 51.95s
sys:1: DeprecationWarning: builtin type swigvarlink has no __module__ attribute
