43 anchors, 212 rect fixtures + 130 poly fixtures, 2667 wall segments, boundary 11 vertices -> data/25/geometry.json
overlay -> data/25/extract_overlay.png
service pockets culled: 13 (largest 939 cells)
44 anchors, grid 612x396, m/cell=0.209 -> data/25/profile.npz
walkable: 32.1% of page (32.1% entrance-reachable)
components: 1  sizes: [77779]
anchors: 44  |  exclusions: 6
service pockets sealed (service + dead crevices): 13
    939 cells at (759,705) near RESTROOMS
    445 cells at (846,697) near RESTROOMS
    434 cells at (687,722) near AISLE 20
    299 cells at (812,707) near RESTROOMS
    183 cells at (694,679) near AISLE 20
    183 cells at (596,599) near CHECKSTANDS
    177 cells at (572,600) near CHECKSTANDS
    176 cells at (644,601) near CHECKSTANDS
    172 cells at (668,602) near AISLE 22
    167 cells at (620,602) near CHECKSTANDS
snaps moved >12 cells (check reachable.png):
  DELI: 32 cells (~6.7 m)
  BAKERY: 29 cells (~6.0 m)
tightest corridors at anchors (half-width capacity):
  RESTROOMS: 0.84 m
  BAKERY: 1.05 m
  DELI: 1.05 m
  KITCHEN GADGETS: 1.05 m
  FROZEN FOODS: 1.13 m
  AISLE 4: 1.26 m
  AISLE 5: 1.26 m
  MEAT: 1.26 m
........................................................................ [  9%]
........................................................................ [ 18%]
........................................................................ [ 28%]
........................................................................ [ 37%]
........................................................................ [ 46%]
........................................................................ [ 56%]
........................................................................ [ 65%]
........................................................................ [ 75%]
........................................................................ [ 84%]
........................................................................ [ 93%]
................................................                         [100%]
=============================== warnings summary ===============================
../../../../../../opt/anaconda3/lib/python3.12/site-packages/fastapi/testclient.py:1
  /opt/anaconda3/lib/python3.12/site-packages/fastapi/testclient.py:1: StarletteDeprecationWarning: Using `httpx` with `starlette.testclient` is deprecated; install `httpx2` instead.
    from starlette.testclient import TestClient as TestClient  # noqa

<frozen importlib._bootstrap>:488
<frozen importlib._bootstrap>:488
  <frozen importlib._bootstrap>:488: DeprecationWarning: builtin type SwigPyPacked has no __module__ attribute

<frozen importlib._bootstrap>:488
<frozen importlib._bootstrap>:488
  <frozen importlib._bootstrap>:488: DeprecationWarning: builtin type SwigPyObject has no __module__ attribute

<frozen importlib._bootstrap>:488
  <frozen importlib._bootstrap>:488: DeprecationWarning: builtin type swigvarlink has no __module__ attribute

-- Docs: https://docs.pytest.org/en/stable/how-to/capture-warnings.html
768 passed, 6 warnings in 48.32s
sys:1: DeprecationWarning: builtin type swigvarlink has no __module__ attribute
