65 anchors, 288 rect fixtures + 258 poly fixtures, 7122 wall segments, boundary 16 vertices -> data/14/geometry.json
overlay -> data/14/extract_overlay.png
service pockets culled: 15 (largest 2893 cells)
66 anchors, grid 633x417, m/cell=0.258 -> data/14/profile.npz
walkable: 26.2% of page (25.7% entrance-reachable)
components: 2  sizes: [67716, 1464]
anchors: 66  |  exclusions: 3
service pockets sealed (service + dead crevices): 15
   2893 cells at (424,688) near CHECKSTANDS
   2037 cells at (1060,569) near AISLE 35
   1562 cells at (1044,641) near AISLE 39
    891 cells at (168,351) near SEAFOOD
    780 cells at (539,680) near CHECKSTANDS
    669 cells at (202,729) near PRODUCE
    660 cells at (637,680) near CHECKOUT
    411 cells at (1073,500) near AISLE 32
    379 cells at (710,648) near ENTRANCE
    250 cells at (428,574) near KITCHEN
snaps moved >12 cells (check reachable.png):
  BAKERY: 26 cells (~6.7 m)
  DELI: 17 cells (~4.4 m)
  DAIRY: 15 cells (~3.9 m)
  SEAFOOD: 12 cells (~3.1 m)
tightest corridors at anchors (half-width capacity):
  AISLE 36: 0.77 m
  FROZEN: 0.77 m
  KITCHEN: 0.77 m
  AISLE 18: 0.81 m
  AISLE 24: 0.81 m
  AISLE 21: 0.93 m
  AISLE 29: 0.93 m
  AISLE 47: 0.93 m
........................................................................ [ 11%]
........................................................................ [ 22%]
........................................................................ [ 33%]
........................................................................ [ 44%]
........................................................................ [ 55%]
........................................................................ [ 67%]
........................................................................ [ 78%]
........................................................................ [ 89%]
....................................................................     [100%]
=============================== warnings summary ===============================
../../../../../../opt/anaconda3/lib/python3.12/site-packages/fastapi/testclient.py:1
  /opt/anaconda3/lib/python3.12/site-packages/fastapi/testclient.py:1: StarletteDeprecationWarning: Using `httpx` with `starlette.testclient` is deprecated; install `httpx2` instead.
    from starlette.testclient import TestClient as TestClient  # noqa

<frozen importlib._bootstrap>:488
<frozen importlib._bootstrap>:488
  <frozen importlib._bootstrap>:488: DeprecationWarning: builtin type SwigPyPacked has no __module__ attribute

<frozen importlib._bootstrap>:488
<frozen importlib._bootstrap>:488
  <frozen importlib._bootstrap>:488: DeprecationWarning: builtin type SwigPyObject has no __module__ attribute

<frozen importlib._bootstrap>:488
  <frozen importlib._bootstrap>:488: DeprecationWarning: builtin type swigvarlink has no __module__ attribute

-- Docs: https://docs.pytest.org/en/stable/how-to/capture-warnings.html
644 passed, 6 warnings in 44.38s
sys:1: DeprecationWarning: builtin type swigvarlink has no __module__ attribute
