32 anchors, 134 rect fixtures + 47 poly fixtures, 3858 wall segments, boundary 21 vertices -> data/189/geometry.json
overlay -> data/189/extract_overlay.png
service pockets culled: 40 (largest 2736 cells)
33 anchors, grid 612x396, m/cell=0.191 -> data/189/profile.npz
walkable: 24.7% of page (24.7% entrance-reachable)
components: 1  sizes: [59905]
anchors: 33  |  exclusions: 5
service pockets sealed (service + dead crevices): 40
   2736 cells at (949,211) near DAIRY
   1771 cells at (426,672) near FLORAL
   1629 cells at (576,199) near SEAFOOD
   1560 cells at (765,683) near CHECKSTANDS
   1246 cells at (169,607) near PRODUCE
   1086 cells at (996,675) near AISLE 19
   1080 cells at (627,683) near ENTRANCE
   1071 cells at (696,199) near SEAFOOD
   1068 cells at (1020,609) near AISLE 19
    690 cells at (688,683) near ENTRANCE
snaps moved >12 cells (check reachable.png):
  BAKERY: 17 cells (~3.3 m)
  ENTRANCE: 13 cells (~2.5 m)
  DAIRY: 13 cells (~2.5 m)
tightest corridors at anchors (half-width capacity):
  DAIRY: 0.69 m
  AISLE 18: 0.95 m
  BAKERY: 0.95 m
  CHILI/MEAT/FISH: 0.95 m
  DELI: 0.95 m
  ENTRANCE: 0.95 m
  KITCHEN: 0.95 m
  AISLE 14: 1.08 m
........................................................................ [  9%]
........................................................................ [ 19%]
........................................................................ [ 28%]
........................................................................ [ 38%]
........................................................................ [ 47%]
........................................................................ [ 57%]
........................................................................ [ 67%]
........................................................................ [ 76%]
........................................................................ [ 86%]
........................................................................ [ 95%]
................................                                         [100%]
=============================== warnings summary ===============================
../../../../../../opt/anaconda3/lib/python3.12/site-packages/fastapi/testclient.py:1
  /opt/anaconda3/lib/python3.12/site-packages/fastapi/testclient.py:1: StarletteDeprecationWarning: Using `httpx` with `starlette.testclient` is deprecated; install `httpx2` instead.
    from starlette.testclient import TestClient as TestClient  # noqa

<frozen importlib._bootstrap>:488
<frozen importlib._bootstrap>:488
  <frozen importlib._bootstrap>:488: DeprecationWarning: builtin type SwigPyPacked has no __module__ attribute

<frozen importlib._bootstrap>:488
<frozen importlib._bootstrap>:488
  <frozen importlib._bootstrap>:488: DeprecationWarning: builtin type SwigPyObject has no __module__ attribute

<frozen importlib._bootstrap>:488
  <frozen importlib._bootstrap>:488: DeprecationWarning: builtin type swigvarlink has no __module__ attribute

-- Docs: https://docs.pytest.org/en/stable/how-to/capture-warnings.html
752 passed, 6 warnings in 50.70s
sys:1: DeprecationWarning: builtin type swigvarlink has no __module__ attribute
