57 anchors, 331 rect fixtures + 130 poly fixtures, 2158 wall segments, boundary 15 vertices -> data/102/geometry.json
overlay -> data/102/extract_overlay.png
service pockets culled: 7 (largest 951 cells)
58 anchors, grid 633x417, m/cell=0.236 -> data/102/profile.npz
walkable: 24.3% of page (24.3% entrance-reachable)
components: 1  sizes: [64148]
anchors: 58  |  exclusions: 7
service pockets sealed (service + dead crevices): 7
    951 cells at (818,635) near EXIT
    754 cells at (630,635) near POST NET RESTROOMS
    658 cells at (530,636) near POST NET RESTROOMS
    546 cells at (578,635) near POST NET RESTROOMS
    520 cells at (759,635) near EXIT
    229 cells at (641,690) near POST NET RESTROOMS
    212 cells at (712,700) near POST NET RESTROOMS
snaps moved >12 cells (check reachable.png):
  POST NET RESTROOMS: 37 cells (~8.7 m)
  BAKERY: 24 cells (~5.7 m)
  SEAFOOD: 19 cells (~4.4 m)
  ENTRANCE: 18 cells (~4.3 m)
  DELI: 17 cells (~4.0 m)
  PHARMACY: 13 cells (~3.0 m)
tightest corridors at anchors (half-width capacity):
  ENTRANCE: 0.71 m
  FROZEN FOOD: 0.75 m
  PRODUCE: 0.94 m
  MEAT: 0.97 m
  AISLE 23: 1.05 m
  AISLE 24: 1.05 m
  AISLE 5: 1.18 m
  DELI: 1.18 m
........................................................................ [  9%]
........................................................................ [ 18%]
........................................................................ [ 28%]
........................................................................ [ 37%]
........................................................................ [ 47%]
........................................................................ [ 56%]
........................................................................ [ 66%]
........................................................................ [ 75%]
........................................................................ [ 85%]
........................................................................ [ 94%]
..........................................                               [100%]
=============================== warnings summary ===============================
../../../../../../opt/anaconda3/lib/python3.12/site-packages/fastapi/testclient.py:1
  /opt/anaconda3/lib/python3.12/site-packages/fastapi/testclient.py:1: StarletteDeprecationWarning: Using `httpx` with `starlette.testclient` is deprecated; install `httpx2` instead.
    from starlette.testclient import TestClient as TestClient  # noqa

<frozen importlib._bootstrap>:488
<frozen importlib._bootstrap>:488
  <frozen importlib._bootstrap>:488: DeprecationWarning: builtin type SwigPyPacked has no __module__ attribute

<frozen importlib._bootstrap>:488
<frozen importlib._bootstrap>:488
  <frozen importlib._bootstrap>:488: DeprecationWarning: builtin type SwigPyObject has no __module__ attribute

<frozen importlib._bootstrap>:488
  <frozen importlib._bootstrap>:488: DeprecationWarning: builtin type swigvarlink has no __module__ attribute

-- Docs: https://docs.pytest.org/en/stable/how-to/capture-warnings.html
762 passed, 6 warnings in 69.14s (0:01:09)
sys:1: DeprecationWarning: builtin type swigvarlink has no __module__ attribute
