42 anchors, 171 rect fixtures + 48 poly fixtures, 949 wall segments, boundary 10 vertices -> data/388/geometry.json
overlay -> data/388/extract_overlay.png
/opt/anaconda3/lib/python3.12/site-packages/numpy/core/fromnumeric.py:3504: RuntimeWarning: Mean of empty slice.
  return _methods._mean(a, axis=axis, dtype=dtype,
/opt/anaconda3/lib/python3.12/site-packages/numpy/core/_methods.py:129: RuntimeWarning: invalid value encountered in scalar divide
  ret = ret.dtype.type(ret / rcount)
service pockets culled: 22 (largest 1669 cells)
43 anchors, grid 612x396, m/cell=nan -> data/388/profile.npz
/Users/princekumar/Documents/grocerAlgo/map_qa.py:137: RuntimeWarning: invalid value encountered in cast
  rgb[..., 0] = (255 * (1 - v)).astype(np.uint8)
/Users/princekumar/Documents/grocerAlgo/map_qa.py:138: RuntimeWarning: invalid value encountered in cast
  rgb[..., 1] = (255 * v).astype(np.uint8)
walkable: 46.7% of page (46.7% entrance-reachable)
components: 1  sizes: [113258]
anchors: 43  |  exclusions: 0
service pockets sealed (service + dead crevices): 22
   1669 cells at (146,627) near PHARMACY
    767 cells at (1024,80) near BAKERY
    336 cells at (783,466) near AISLE 30
    262 cells at (788,428) near AISLE 1
    219 cells at (574,614) near CHECKSTANDS
    175 cells at (730,610) near AISLE 30
    148 cells at (812,459) near AISLE 30
    136 cells at (546,610) near CHECKSTANDS
    126 cells at (248,623) near AISLE 19
    123 cells at (684,609) near AISLE 29
VERIFY: DELI FLORAL area still 100% walkable at (924,484) — staff area? add an exclusion rect if so
VERIFY: KITCHEN area still 77% walkable at (395,138) — staff area? add an exclusion rect if so
snaps moved >12 cells (check reachable.png):
  ENTRANCE: 16 cells (~nan m)
  PHARMACY: 13 cells (~nan m)
tightest corridors at anchors (half-width capacity):
  AISLE 1: nan m
  AISLE 10: nan m
  AISLE 11: nan m
  AISLE 12: nan m
  AISLE 13: nan m
  AISLE 14: nan m
  AISLE 15: nan m
  AISLE 16: nan m
........................................................................ [ 41%]
........................................................................ [ 83%]
............................                                             [100%]
=============================== warnings summary ===============================
../../../../opt/anaconda3/lib/python3.12/site-packages/fastapi/testclient.py:1
  /opt/anaconda3/lib/python3.12/site-packages/fastapi/testclient.py:1: StarletteDeprecationWarning: Using `httpx` with `starlette.testclient` is deprecated; install `httpx2` instead.
    from starlette.testclient import TestClient as TestClient  # noqa

<frozen importlib._bootstrap>:488
<frozen importlib._bootstrap>:488
  <frozen importlib._bootstrap>:488: DeprecationWarning: builtin type SwigPyPacked has no __module__ attribute

<frozen importlib._bootstrap>:488
<frozen importlib._bootstrap>:488
  <frozen importlib._bootstrap>:488: DeprecationWarning: builtin type SwigPyObject has no __module__ attribute

<frozen importlib._bootstrap>:488
  <frozen importlib._bootstrap>:488: DeprecationWarning: builtin type swigvarlink has no __module__ attribute

-- Docs: https://docs.pytest.org/en/stable/how-to/capture-warnings.html
172 passed, 6 warnings in 4.41s
sys:1: DeprecationWarning: builtin type swigvarlink has no __module__ attribute
