50 anchors, 373 rect fixtures + 109 poly fixtures, 2014 wall segments, boundary 13 vertices -> data/94/geometry.json
overlay -> data/94/extract_overlay.png
service pockets culled: 24 (largest 3758 cells)
50 anchors, grid 633x417, m/cell=0.176 -> data/94/profile.npz
walkable: 31.9% of page (30.4% entrance-reachable)
components: 2  sizes: [80345, 3804]
anchors: 50  |  exclusions: 0
service pockets sealed (service + dead crevices): 24
   3758 cells at (989,452) near BAKERY
   2497 cells at (693,631) near CHECKSTANDS
   1177 cells at (1151,363) near KITCHEN
   1000 cells at (1171,442) near SEAFOOD
    848 cells at (930,462) near BAKERY
    680 cells at (994,600) near BAKERY
    620 cells at (1154,649) near PRODUCE
    608 cells at (1185,210) near KITCHEN
    602 cells at (340,542) near PHARMACY
    558 cells at (1128,552) near SEAFOOD
VERIFY: DELI area still 100% walkable at (1055,380) — staff area? add an exclusion rect if so
VERIFY: DELI MEATS area still 62% walkable at (989,333) — staff area? add an exclusion rect if so
VERIFY: KITCHEN area still 79% walkable at (1098,324) — staff area? add an exclusion rect if so
VERIFY: MARKET DELI area still 62% walkable at (863,93) — staff area? add an exclusion rect if so
snaps moved >12 cells (check reachable.png):
  ENTRANCE/EXIT: 93 cells (~16.3 m)
  PHARMACY DRIVE-THRU: 60 cells (~10.6 m)
  EXIT: 21 cells (~3.6 m)
  RESTROOMS: 18 cells (~3.2 m)
  BAKERY: 15 cells (~2.6 m)
tightest corridors at anchors (half-width capacity):
  BAKERY: 0.39 m
  ENTRANCE/EXIT: 0.88 m
  EXIT: 0.88 m
  FLORAL: 0.88 m
  PHARMACY: 0.88 m
  PHARMACY DRIVE-THRU: 0.88 m
  RESTROOMS: 0.90 m
  SEAFOOD: 1.03 m
COVERAGE: 9 shelf labels with no reachable frontage near (1156,365) — Beverage, Calderos, Cookware, Dinnerware, Flatware, Foil — missed section? open it (inclusion) or bless it (exclusion)
........................................................................ [ 12%]
........................................................................ [ 24%]
........................................................................ [ 36%]
........................................................................ [ 48%]
........................................................................ [ 60%]
........................................................................ [ 72%]
........................................................................ [ 84%]
........................................................................ [ 96%]
......................                                                   [100%]
=============================== warnings summary ===============================
../../../../../../opt/anaconda3/lib/python3.12/site-packages/fastapi/testclient.py:1
  /opt/anaconda3/lib/python3.12/site-packages/fastapi/testclient.py:1: StarletteDeprecationWarning: Using `httpx` with `starlette.testclient` is deprecated; install `httpx2` instead.
    from starlette.testclient import TestClient as TestClient  # noqa

<frozen importlib._bootstrap>:488
<frozen importlib._bootstrap>:488
  <frozen importlib._bootstrap>:488: DeprecationWarning: builtin type SwigPyPacked has no __module__ attribute

<frozen importlib._bootstrap>:488
<frozen importlib._bootstrap>:488
  <frozen importlib._bootstrap>:488: DeprecationWarning: builtin type SwigPyObject has no __module__ attribute

<frozen importlib._bootstrap>:488
  <frozen importlib._bootstrap>:488: DeprecationWarning: builtin type swigvarlink has no __module__ attribute

-- Docs: https://docs.pytest.org/en/stable/how-to/capture-warnings.html
598 passed, 6 warnings in 51.07s
sys:1: DeprecationWarning: builtin type swigvarlink has no __module__ attribute
