50 anchors, 373 rect fixtures + 109 poly fixtures, 2014 wall segments, boundary 13 vertices -> data/94/geometry.json
overlay -> data/94/extract_overlay.png
service pockets culled: 6 (largest 843 cells)
50 anchors, grid 633x417, m/cell=0.176 -> data/94/profile.npz
walkable: 34.5% of page (33.0% entrance-reachable)
components: 2  sizes: [87227, 3804]
anchors: 50  |  exclusions: 3
service pockets sealed (service + dead crevices): 6
    843 cells at (779,629) near FLORAL
    620 cells at (1154,649) near PRODUCE
    608 cells at (1185,210) near KITCHEN
    382 cells at (783,672) near CHECKSTANDS
    369 cells at (577,626) near AISLE 30
    188 cells at (675,658) near CHECKSTANDS
snaps moved >12 cells (check reachable.png):
  ENTRANCE/EXIT: 94 cells (~16.5 m)
  PHARMACY DRIVE-THRU: 60 cells (~10.6 m)
  EXIT: 21 cells (~3.6 m)
  RESTROOMS: 18 cells (~3.2 m)
tightest corridors at anchors (half-width capacity):
  BAKERY: 0.73 m
  ENTRANCE/EXIT: 0.88 m
  EXIT: 0.88 m
  FLORAL: 0.88 m
  PHARMACY: 0.88 m
  PHARMACY DRIVE-THRU: 0.88 m
  RESTROOMS: 0.90 m
  SEAFOOD: 1.03 m
........................................................................ [  9%]
........................................................................ [ 19%]
........................................................................ [ 28%]
........................................................................ [ 38%]
........................................................................ [ 48%]
........................................................................ [ 57%]
........................................................................ [ 67%]
........................................................................ [ 77%]
........................................................................ [ 86%]
........................................................................ [ 96%]
............................                                             [100%]
=============================== warnings summary ===============================
../../../../../../opt/anaconda3/lib/python3.12/site-packages/fastapi/testclient.py:1
  /opt/anaconda3/lib/python3.12/site-packages/fastapi/testclient.py:1: StarletteDeprecationWarning: Using `httpx` with `starlette.testclient` is deprecated; install `httpx2` instead.
    from starlette.testclient import TestClient as TestClient  # noqa

<frozen importlib._bootstrap>:488
<frozen importlib._bootstrap>:488
  <frozen importlib._bootstrap>:488: DeprecationWarning: builtin type SwigPyPacked has no __module__ attribute

<frozen importlib._bootstrap>:488
<frozen importlib._bootstrap>:488
  <frozen importlib._bootstrap>:488: DeprecationWarning: builtin type SwigPyObject has no __module__ attribute

<frozen importlib._bootstrap>:488
  <frozen importlib._bootstrap>:488: DeprecationWarning: builtin type swigvarlink has no __module__ attribute

-- Docs: https://docs.pytest.org/en/stable/how-to/capture-warnings.html
748 passed, 6 warnings in 62.43s (0:01:02)
sys:1: DeprecationWarning: builtin type swigvarlink has no __module__ attribute
