33 anchors, 139 rect fixtures + 60 poly fixtures, 1726 wall segments, boundary 17 vertices -> data/178/geometry.json
overlay -> data/178/extract_overlay.png
service pockets culled: 8 (largest 837 cells)
34 anchors, grid 612x396, m/cell=0.128 -> data/178/profile.npz
walkable: 27.7% of page (27.7% entrance-reachable)
components: 1  sizes: [67239]
anchors: 34  |  exclusions: 0
service pockets sealed (service + dead crevices): 8
    837 cells at (66,471) near MEAT
    558 cells at (63,535) near PHARMACY
    129 cells at (422,543) near CHECKSTANDS
    128 cells at (541,540) near CHECKSTANDS
    121 cells at (391,541) near CHECKSTANDS
    117 cells at (452,542) near CHECKSTANDS
    109 cells at (512,540) near CHECKSTANDS
    107 cells at (483,540) near CHECKSTANDS
VERIFY: BAKERY area still 85% walkable at (931,510) — staff area? add an exclusion rect if so
VERIFY: KITCHEN area still 62% walkable at (629,316) — staff area? add an exclusion rect if so
VERIFY: MARKET/SEAFOOD area still 88% walkable at (217,302) — staff area? add an exclusion rect if so
snaps moved >12 cells (check reachable.png):
  RESTROOMS: 61 cells (~7.8 m)
  PHARMACY: 16 cells (~2.0 m)
  ENTRANCE: 14 cells (~1.8 m)
tightest corridors at anchors (half-width capacity):
  FROZEN: 0.46 m
  AISLE 19: 0.51 m
  PHARMACY: 0.51 m
  AISLE 2: 0.57 m
  AISLE 3: 0.57 m
  AISLE 4: 0.57 m
  AISLE 5: 0.64 m
  AISLE 6: 0.64 m
........................................................................ [ 12%]
........................................................................ [ 24%]
........................................................................ [ 36%]
........................................................................ [ 48%]
........................................................................ [ 60%]
........................................................................ [ 72%]
........................................................................ [ 84%]
........................................................................ [ 96%]
......................                                                   [100%]
=============================== warnings summary ===============================
../../../../../../opt/anaconda3/lib/python3.12/site-packages/fastapi/testclient.py:1
  /opt/anaconda3/lib/python3.12/site-packages/fastapi/testclient.py:1: StarletteDeprecationWarning: Using `httpx` with `starlette.testclient` is deprecated; install `httpx2` instead.
    from starlette.testclient import TestClient as TestClient  # noqa

<frozen importlib._bootstrap>:488
<frozen importlib._bootstrap>:488
  <frozen importlib._bootstrap>:488: DeprecationWarning: builtin type SwigPyPacked has no __module__ attribute

<frozen importlib._bootstrap>:488
<frozen importlib._bootstrap>:488
  <frozen importlib._bootstrap>:488: DeprecationWarning: builtin type SwigPyObject has no __module__ attribute

<frozen importlib._bootstrap>:488
  <frozen importlib._bootstrap>:488: DeprecationWarning: builtin type swigvarlink has no __module__ attribute

-- Docs: https://docs.pytest.org/en/stable/how-to/capture-warnings.html
598 passed, 6 warnings in 51.31s
sys:1: DeprecationWarning: builtin type swigvarlink has no __module__ attribute
