64 anchors, 368 rect fixtures + 125 poly fixtures, 2749 wall segments, boundary 15 vertices -> data/26/geometry.json
overlay -> data/26/extract_overlay.png
service pockets culled: 23 (largest 5483 cells)
65 anchors, grid 633x417, m/cell=0.253 -> data/26/profile.npz
walkable: 25.1% of page (25.1% entrance-reachable)
components: 1  sizes: [66345]
anchors: 65  |  exclusions: 0
service pockets sealed (service + dead crevices): 23
   5483 cells at (1015,442) near SEAFOOD
   3336 cells at (887,422) near BAKERY
   1622 cells at (1103,466) near SEAFOOD
    952 cells at (298,548) near PHARMACY
    670 cells at (355,631) near AISLE 49
    629 cells at (779,673) near RESTROOMS
    565 cells at (1111,541) near SEAFOOD
    538 cells at (615,658) near RESTROOMS
    433 cells at (332,713) near EXIT
    335 cells at (895,594) near PRODUCE
snaps moved >12 cells (check reachable.png):
  PHARMACY DRIVE-THRU: 48 cells (~12.2 m)
  SEAFOOD: 44 cells (~11.1 m)
  BAKERY: 20 cells (~5.0 m)
  FLORAL: 17 cells (~4.3 m)
  RESTROOMS: 14 cells (~3.6 m)
tightest corridors at anchors (half-width capacity):
  MEAT: 0.76 m
  PRODUCE: 0.76 m
  AISLE 45: 1.01 m
  ENTRANCE: 1.01 m
  AISLE 37: 1.07 m
  AISLE 46: 1.07 m
  AISLE 47: 1.07 m
  AISLE 48: 1.13 m
........................................................................ [ 12%]
........................................................................ [ 24%]
........................................................................ [ 36%]
........................................................................ [ 48%]
........................................................................ [ 60%]
........................................................................ [ 72%]
........................................................................ [ 84%]
........................................................................ [ 96%]
......................                                                   [100%]
=============================== warnings summary ===============================
../../../../../../opt/anaconda3/lib/python3.12/site-packages/fastapi/testclient.py:1
  /opt/anaconda3/lib/python3.12/site-packages/fastapi/testclient.py:1: StarletteDeprecationWarning: Using `httpx` with `starlette.testclient` is deprecated; install `httpx2` instead.
    from starlette.testclient import TestClient as TestClient  # noqa

<frozen importlib._bootstrap>:488
<frozen importlib._bootstrap>:488
  <frozen importlib._bootstrap>:488: DeprecationWarning: builtin type SwigPyPacked has no __module__ attribute

<frozen importlib._bootstrap>:488
<frozen importlib._bootstrap>:488
  <frozen importlib._bootstrap>:488: DeprecationWarning: builtin type SwigPyObject has no __module__ attribute

<frozen importlib._bootstrap>:488
  <frozen importlib._bootstrap>:488: DeprecationWarning: builtin type swigvarlink has no __module__ attribute

-- Docs: https://docs.pytest.org/en/stable/how-to/capture-warnings.html
598 passed, 6 warnings in 47.65s
sys:1: DeprecationWarning: builtin type swigvarlink has no __module__ attribute
