64 anchors, 368 rect fixtures + 125 poly fixtures, 2749 wall segments, boundary 15 vertices -> data/26/geometry.json
overlay -> data/26/extract_overlay.png
service pockets culled: 15 (largest 3336 cells)
65 anchors, grid 633x417, m/cell=0.253 -> data/26/profile.npz
walkable: 28.2% of page (28.2% entrance-reachable)
components: 1  sizes: [74509]
anchors: 65  |  exclusions: 1
service pockets sealed (service + dead crevices): 15
   3336 cells at (887,422) near BAKERY
   1622 cells at (1103,466) near SEAFOOD
    952 cells at (298,548) near PHARMACY
    670 cells at (355,631) near AISLE 49
    565 cells at (1111,541) near SEAFOOD
    433 cells at (332,713) near EXIT
    220 cells at (609,597) near CHECKSTANDS
    195 cells at (266,722) near PHARMACY DRIVE-THRU
    192 cells at (637,698) near RESTROOMS
    156 cells at (549,587) near AISLE 49
snaps moved >12 cells (check reachable.png):
  PHARMACY DRIVE-THRU: 48 cells (~12.2 m)
  SEAFOOD: 12 cells (~3.1 m)
tightest corridors at anchors (half-width capacity):
  FLORAL: 0.51 m
  BAKERY: 0.56 m
  DELI: 0.76 m
  MEAT: 0.76 m
  PRODUCE: 0.76 m
  RESTROOMS: 0.76 m
  AISLE 45: 1.01 m
  ENTRANCE: 1.01 m
........................................................................ [  9%]
........................................................................ [ 18%]
........................................................................ [ 28%]
........................................................................ [ 37%]
........................................................................ [ 46%]
........................................................................ [ 56%]
........................................................................ [ 65%]
........................................................................ [ 75%]
........................................................................ [ 84%]
........................................................................ [ 93%]
................................................                         [100%]
=============================== warnings summary ===============================
../../../../../../opt/anaconda3/lib/python3.12/site-packages/fastapi/testclient.py:1
  /opt/anaconda3/lib/python3.12/site-packages/fastapi/testclient.py:1: StarletteDeprecationWarning: Using `httpx` with `starlette.testclient` is deprecated; install `httpx2` instead.
    from starlette.testclient import TestClient as TestClient  # noqa

<frozen importlib._bootstrap>:488
<frozen importlib._bootstrap>:488
  <frozen importlib._bootstrap>:488: DeprecationWarning: builtin type SwigPyPacked has no __module__ attribute

<frozen importlib._bootstrap>:488
<frozen importlib._bootstrap>:488
  <frozen importlib._bootstrap>:488: DeprecationWarning: builtin type SwigPyObject has no __module__ attribute

<frozen importlib._bootstrap>:488
  <frozen importlib._bootstrap>:488: DeprecationWarning: builtin type swigvarlink has no __module__ attribute

-- Docs: https://docs.pytest.org/en/stable/how-to/capture-warnings.html
768 passed, 6 warnings in 48.29s
sys:1: DeprecationWarning: builtin type swigvarlink has no __module__ attribute
